mode: set
github.com/helixtrack/localization-service/internal/database/catalog_operations.go:14.106,17.43 2 1
github.com/helixtrack/localization-service/internal/database/catalog_operations.go:17.43,19.3 1 1
github.com/helixtrack/localization-service/internal/database/catalog_operations.go:21.2,35.16 3 1
github.com/helixtrack/localization-service/internal/database/catalog_operations.go:35.16,38.3 2 0
github.com/helixtrack/localization-service/internal/database/catalog_operations.go:40.2,45.12 2 1
github.com/helixtrack/localization-service/internal/database/catalog_operations.go:49.143,53.20 3 1
github.com/helixtrack/localization-service/internal/database/catalog_operations.go:53.20,62.3 2 1
github.com/helixtrack/localization-service/internal/database/catalog_operations.go:62.8,71.3 2 0
github.com/helixtrack/localization-service/internal/database/catalog_operations.go:73.2,81.28 4 1
github.com/helixtrack/localization-service/internal/database/catalog_operations.go:81.28,83.3 1 1
github.com/helixtrack/localization-service/internal/database/catalog_operations.go:85.2,85.16 1 1
github.com/helixtrack/localization-service/internal/database/catalog_operations.go:85.16,86.36 1 1
github.com/helixtrack/localization-service/internal/database/catalog_operations.go:86.36,93.4 2 1
github.com/helixtrack/localization-service/internal/database/catalog_operations.go:94.3,95.38 2 0
github.com/helixtrack/localization-service/internal/database/catalog_operations.go:98.2,98.21 1 1
github.com/helixtrack/localization-service/internal/database/catalog_operations.go:102.139,104.2 1 0
github.com/helixtrack/localization-service/internal/database/catalog_operations.go:107.106,110.43 2 1
github.com/helixtrack/localization-service/internal/database/catalog_operations.go:110.43,112.3 1 1
github.com/helixtrack/localization-service/internal/database/catalog_operations.go:114.2,124.16 3 1
github.com/helixtrack/localization-service/internal/database/catalog_operations.go:124.16,127.3 2 0
github.com/helixtrack/localization-service/internal/database/catalog_operations.go:129.2,130.15 2 1
github.com/helixtrack/localization-service/internal/database/catalog_operations.go:130.15,132.3 1 0
github.com/helixtrack/localization-service/internal/database/catalog_operations.go:134.2,135.12 2 1
github.com/helixtrack/localization-service/internal/database/catalog_operations.go:139.80,143.16 3 1
github.com/helixtrack/localization-service/internal/database/catalog_operations.go:143.16,146.3 2 0
github.com/helixtrack/localization-service/internal/database/catalog_operations.go:148.2,149.15 2 1
github.com/helixtrack/localization-service/internal/database/catalog_operations.go:149.15,151.3 1 0
github.com/helixtrack/localization-service/internal/database/catalog_operations.go:153.2,154.12 2 1
github.com/helixtrack/localization-service/internal/database/catalog_operations.go:158.135,161.16 2 1
github.com/helixtrack/localization-service/internal/database/catalog_operations.go:161.16,163.3 1 0
github.com/helixtrack/localization-service/internal/database/catalog_operations.go:166.2,169.20 3 1
github.com/helixtrack/localization-service/internal/database/catalog_operations.go:169.20,178.3 2 1
github.com/helixtrack/localization-service/internal/database/catalog_operations.go:178.8,187.3 2 0
github.com/helixtrack/localization-service/internal/database/catalog_operations.go:189.2,190.16 2 1
github.com/helixtrack/localization-service/internal/database/catalog_operations.go:190.16,192.3 1 0
github.com/helixtrack/localization-service/internal/database/catalog_operations.go:193.2,197.18 3 1
github.com/helixtrack/localization-service/internal/database/catalog_operations.go:197.18,199.49 2 0
github.com/helixtrack/localization-service/internal/database/catalog_operations.go:199.49,202.4 2 0
github.com/helixtrack/localization-service/internal/database/catalog_operations.go:203.3,203.26 1 0
github.com/helixtrack/localization-service/internal/database/catalog_operations.go:207.2,208.16 2 1
github.com/helixtrack/localization-service/internal/database/catalog_operations.go:208.16,211.3 2 0
github.com/helixtrack/localization-service/internal/database/catalog_operations.go:214.2,219.20 3 1
github.com/helixtrack/localization-service/internal/database/catalog_operations.go:219.20,225.3 2 1
github.com/helixtrack/localization-service/internal/database/catalog_operations.go:225.8,227.3 1 0
github.com/helixtrack/localization-service/internal/database/catalog_operations.go:228.2,228.50 1 1
github.com/helixtrack/localization-service/internal/database/catalog_operations.go:228.50,231.3 2 0
github.com/helixtrack/localization-service/internal/database/catalog_operations.go:234.2,244.54 3 1
github.com/helixtrack/localization-service/internal/database/catalog_operations.go:244.54,246.3 1 0
github.com/helixtrack/localization-service/internal/database/catalog_operations.go:248.2,255.21 2 1
github.com/helixtrack/localization-service/internal/database/database.go:82.117,86.16 3 1
github.com/helixtrack/localization-service/internal/database/database.go:86.16,88.3 1 1
github.com/helixtrack/localization-service/internal/database/database.go:91.2,97.34 5 1
github.com/helixtrack/localization-service/internal/database/database.go:97.34,99.3 1 1
github.com/helixtrack/localization-service/internal/database/database.go:101.2,113.8 2 1
github.com/helixtrack/localization-service/internal/database/database.go:117.41,119.2 1 1
github.com/helixtrack/localization-service/internal/database/database.go:122.42,124.2 1 1
github.com/helixtrack/localization-service/internal/database/database.go:127.116,129.16 2 1
github.com/helixtrack/localization-service/internal/database/database.go:129.16,135.3 2 0
github.com/helixtrack/localization-service/internal/database/database.go:136.2,136.20 1 1
github.com/helixtrack/localization-service/internal/database/database.go:140.109,142.2 1 1
github.com/helixtrack/localization-service/internal/database/database.go:145.116,147.16 2 1
github.com/helixtrack/localization-service/internal/database/database.go:147.16,153.3 2 0
github.com/helixtrack/localization-service/internal/database/database.go:154.2,154.18 1 1
github.com/helixtrack/localization-service/internal/database/database.go:158.57,161.49 1 1
github.com/helixtrack/localization-service/internal/database/database.go:161.50,164.3 0 1
github.com/helixtrack/localization-service/internal/database/database.go:165.2,165.14 1 1
github.com/helixtrack/localization-service/internal/database/database.go:169.57,172.49 1 1
github.com/helixtrack/localization-service/internal/database/database.go:172.50,175.3 0 1
github.com/helixtrack/localization-service/internal/database/database.go:176.2,176.14 1 1
github.com/helixtrack/localization-service/internal/database/key_operations.go:13.106,16.39 2 1
github.com/helixtrack/localization-service/internal/database/key_operations.go:16.39,18.3 1 1
github.com/helixtrack/localization-service/internal/database/key_operations.go:20.2,30.16 3 1
github.com/helixtrack/localization-service/internal/database/key_operations.go:30.16,33.3 2 0
github.com/helixtrack/localization-service/internal/database/key_operations.go:35.2,36.12 2 1
github.com/helixtrack/localization-service/internal/database/key_operations.go:40.116,53.16 4 0
github.com/helixtrack/localization-service/internal/database/key_operations.go:53.16,54.36 1 0
github.com/helixtrack/localization-service/internal/database/key_operations.go:54.36,56.4 1 0
github.com/helixtrack/localization-service/internal/database/key_operations.go:57.3,58.38 2 0
github.com/helixtrack/localization-service/internal/database/key_operations.go:61.2,61.17 1 0
github.com/helixtrack/localization-service/internal/database/key_operations.go:65.121,78.16 4 0
github.com/helixtrack/localization-service/internal/database/key_operations.go:78.16,79.36 1 0
github.com/helixtrack/localization-service/internal/database/key_operations.go:79.36,81.4 1 0
github.com/helixtrack/localization-service/internal/database/key_operations.go:82.3,83.38 2 0
github.com/helixtrack/localization-service/internal/database/key_operations.go:86.2,86.17 1 0
github.com/helixtrack/localization-service/internal/database/key_operations.go:90.131,99.16 3 0
github.com/helixtrack/localization-service/internal/database/key_operations.go:99.16,101.3 1 0
github.com/helixtrack/localization-service/internal/database/key_operations.go:102.2,105.18 3 0
github.com/helixtrack/localization-service/internal/database/key_operations.go:105.18,110.17 2 0
github.com/helixtrack/localization-service/internal/database/key_operations.go:110.17,113.4 2 0
github.com/helixtrack/localization-service/internal/database/key_operations.go:114.3,114.27 1 0
github.com/helixtrack/localization-service/internal/database/key_operations.go:117.2,117.18 1 0
github.com/helixtrack/localization-service/internal/database/key_operations.go:121.106,124.39 2 1
github.com/helixtrack/localization-service/internal/database/key_operations.go:124.39,126.3 1 1
github.com/helixtrack/localization-service/internal/database/key_operations.go:128.2,138.16 3 0
github.com/helixtrack/localization-service/internal/database/key_operations.go:138.16,141.3 2 0
github.com/helixtrack/localization-service/internal/database/key_operations.go:143.2,144.15 2 0
github.com/helixtrack/localization-service/internal/database/key_operations.go:144.15,146.3 1 0
github.com/helixtrack/localization-service/internal/database/key_operations.go:148.2,149.12 2 0
github.com/helixtrack/localization-service/internal/database/key_operations.go:153.88,161.16 3 0
github.com/helixtrack/localization-service/internal/database/key_operations.go:161.16,164.3 2 0
github.com/helixtrack/localization-service/internal/database/key_operations.go:166.2,167.15 2 0
github.com/helixtrack/localization-service/internal/database/key_operations.go:167.15,169.3 1 0
github.com/helixtrack/localization-service/internal/database/key_operations.go:171.2,172.12 2 0
github.com/helixtrack/localization-service/internal/database/language_operations.go:14.93,17.40 2 1
github.com/helixtrack/localization-service/internal/database/language_operations.go:17.40,19.3 1 1
github.com/helixtrack/localization-service/internal/database/language_operations.go:21.2,31.16 3 1
github.com/helixtrack/localization-service/internal/database/language_operations.go:31.16,34.3 2 0
github.com/helixtrack/localization-service/internal/database/language_operations.go:36.2,37.12 2 1
github.com/helixtrack/localization-service/internal/database/language_operations.go:41.102,54.16 4 1
github.com/helixtrack/localization-service/internal/database/language_operations.go:54.16,55.36 1 0
github.com/helixtrack/localization-service/internal/database/language_operations.go:55.36,57.4 1 0
github.com/helixtrack/localization-service/internal/database/language_operations.go:58.3,59.38 2 0
github.com/helixtrack/localization-service/internal/database/language_operations.go:62.2,62.18 1 1
github.com/helixtrack/localization-service/internal/database/language_operations.go:66.106,79.16 4 1
github.com/helixtrack/localization-service/internal/database/language_operations.go:79.16,80.36 1 1
github.com/helixtrack/localization-service/internal/database/language_operations.go:80.36,82.4 1 1
github.com/helixtrack/localization-service/internal/database/language_operations.go:83.3,84.38 2 0
github.com/helixtrack/localization-service/internal/database/language_operations.go:87.2,87.18 1 1
github.com/helixtrack/localization-service/internal/database/language_operations.go:91.107,98.16 2 1
github.com/helixtrack/localization-service/internal/database/language_operations.go:98.16,100.3 1 0
github.com/helixtrack/localization-service/internal/database/language_operations.go:102.2,105.16 3 1
github.com/helixtrack/localization-service/internal/database/language_operations.go:105.16,107.3 1 0
github.com/helixtrack/localization-service/internal/database/language_operations.go:108.2,111.18 3 1
github.com/helixtrack/localization-service/internal/database/language_operations.go:111.18,116.17 2 1
github.com/helixtrack/localization-service/internal/database/language_operations.go:116.17,119.4 2 0
github.com/helixtrack/localization-service/internal/database/language_operations.go:120.3,120.38 1 1
github.com/helixtrack/localization-service/internal/database/language_operations.go:123.2,123.23 1 1
github.com/helixtrack/localization-service/internal/database/language_operations.go:127.93,130.40 2 1
github.com/helixtrack/localization-service/internal/database/language_operations.go:130.40,132.3 1 1
github.com/helixtrack/localization-service/internal/database/language_operations.go:134.2,144.16 3 1
github.com/helixtrack/localization-service/internal/database/language_operations.go:144.16,147.3 2 0
github.com/helixtrack/localization-service/internal/database/language_operations.go:149.2,150.15 2 1
github.com/helixtrack/localization-service/internal/database/language_operations.go:150.15,152.3 1 0
github.com/helixtrack/localization-service/internal/database/language_operations.go:154.2,155.12 2 1
github.com/helixtrack/localization-service/internal/database/language_operations.go:159.81,169.16 4 1
github.com/helixtrack/localization-service/internal/database/language_operations.go:169.16,172.3 2 0
github.com/helixtrack/localization-service/internal/database/language_operations.go:174.2,175.15 2 1
github.com/helixtrack/localization-service/internal/database/language_operations.go:175.15,177.3 1 0
github.com/helixtrack/localization-service/internal/database/language_operations.go:179.2,180.12 2 1
github.com/helixtrack/localization-service/internal/database/language_operations.go:184.94,198.16 4 0
github.com/helixtrack/localization-service/internal/database/language_operations.go:198.16,199.36 1 0
github.com/helixtrack/localization-service/internal/database/language_operations.go:199.36,201.4 1 0
github.com/helixtrack/localization-service/internal/database/language_operations.go:202.3,203.38 2 0
github.com/helixtrack/localization-service/internal/database/language_operations.go:206.2,206.18 1 0
github.com/helixtrack/localization-service/internal/database/localization_operations.go:15.100,18.39 2 1
github.com/helixtrack/localization-service/internal/database/localization_operations.go:18.39,20.3 1 1
github.com/helixtrack/localization-service/internal/database/localization_operations.go:22.2,36.16 3 1
github.com/helixtrack/localization-service/internal/database/localization_operations.go:36.16,39.3 2 0
github.com/helixtrack/localization-service/internal/database/localization_operations.go:41.2,42.12 2 1
github.com/helixtrack/localization-service/internal/database/localization_operations.go:46.110,62.16 4 0
github.com/helixtrack/localization-service/internal/database/localization_operations.go:62.16,63.36 1 0
github.com/helixtrack/localization-service/internal/database/localization_operations.go:63.36,65.4 1 0
github.com/helixtrack/localization-service/internal/database/localization_operations.go:66.3,67.38 2 0
github.com/helixtrack/localization-service/internal/database/localization_operations.go:70.2,70.17 1 0
github.com/helixtrack/localization-service/internal/database/localization_operations.go:74.137,90.16 4 1
github.com/helixtrack/localization-service/internal/database/localization_operations.go:90.16,91.36 1 1
github.com/helixtrack/localization-service/internal/database/localization_operations.go:91.36,93.4 1 1
github.com/helixtrack/localization-service/internal/database/localization_operations.go:94.3,95.38 2 0
github.com/helixtrack/localization-service/internal/database/localization_operations.go:98.2,98.17 1 1
github.com/helixtrack/localization-service/internal/database/localization_operations.go:102.127,113.16 3 1
github.com/helixtrack/localization-service/internal/database/localization_operations.go:113.16,115.3 1 0
github.com/helixtrack/localization-service/internal/database/localization_operations.go:116.2,119.18 3 1
github.com/helixtrack/localization-service/internal/database/localization_operations.go:119.18,125.17 2 1
github.com/helixtrack/localization-service/internal/database/localization_operations.go:125.17,128.4 2 0
github.com/helixtrack/localization-service/internal/database/localization_operations.go:129.3,129.45 1 1
github.com/helixtrack/localization-service/internal/database/localization_operations.go:132.2,132.27 1 1
github.com/helixtrack/localization-service/internal/database/localization_operations.go:136.119,146.16 3 0
github.com/helixtrack/localization-service/internal/database/localization_operations.go:146.16,148.3 1 0
github.com/helixtrack/localization-service/internal/database/localization_operations.go:149.2,152.18 3 0
github.com/helixtrack/localization-service/internal/database/localization_operations.go:152.18,158.17 2 0
github.com/helixtrack/localization-service/internal/database/localization_operations.go:158.17,161.4 2 0
github.com/helixtrack/localization-service/internal/database/localization_operations.go:162.3,162.45 1 0
github.com/helixtrack/localization-service/internal/database/localization_operations.go:165.2,165.27 1 0
github.com/helixtrack/localization-service/internal/database/localization_operations.go:169.100,172.39 2 1
github.com/helixtrack/localization-service/internal/database/localization_operations.go:172.39,174.3 1 1
github.com/helixtrack/localization-service/internal/database/localization_operations.go:176.2,188.16 3 1
github.com/helixtrack/localization-service/internal/database/localization_operations.go:188.16,191.3 2 0
github.com/helixtrack/localization-service/internal/database/localization_operations.go:193.2,194.15 2 1
github.com/helixtrack/localization-service/internal/database/localization_operations.go:194.15,196.3 1 0
github.com/helixtrack/localization-service/internal/database/localization_operations.go:198.2,199.12 2 1
github.com/helixtrack/localization-service/internal/database/localization_operations.go:203.85,211.16 3 1
github.com/helixtrack/localization-service/internal/database/localization_operations.go:211.16,214.3 2 0
github.com/helixtrack/localization-service/internal/database/localization_operations.go:216.2,217.15 2 1
github.com/helixtrack/localization-service/internal/database/localization_operations.go:217.15,219.3 1 0
github.com/helixtrack/localization-service/internal/database/localization_operations.go:221.2,222.12 2 1
github.com/helixtrack/localization-service/internal/database/localization_operations.go:226.96,235.16 4 0
github.com/helixtrack/localization-service/internal/database/localization_operations.go:235.16,238.3 2 0
github.com/helixtrack/localization-service/internal/database/localization_operations.go:240.2,241.15 2 0
github.com/helixtrack/localization-service/internal/database/localization_operations.go:241.15,243.3 1 0
github.com/helixtrack/localization-service/internal/database/localization_operations.go:245.2,246.12 2 0
github.com/helixtrack/localization-service/internal/database/localization_operations.go:250.167,257.16 3 0
github.com/helixtrack/localization-service/internal/database/localization_operations.go:257.16,260.3 2 0
github.com/helixtrack/localization-service/internal/database/localization_operations.go:262.2,267.16 2 0
github.com/helixtrack/localization-service/internal/database/localization_operations.go:267.16,270.3 2 0
github.com/helixtrack/localization-service/internal/database/localization_operations.go:272.2,272.12 1 0
github.com/helixtrack/localization-service/internal/database/localization_operations.go:276.90,282.16 4 1
github.com/helixtrack/localization-service/internal/database/localization_operations.go:282.16,284.3 1 0
github.com/helixtrack/localization-service/internal/database/localization_operations.go:285.2,290.16 4 1
github.com/helixtrack/localization-service/internal/database/localization_operations.go:290.16,292.3 1 0
github.com/helixtrack/localization-service/internal/database/localization_operations.go:293.2,298.16 4 1
github.com/helixtrack/localization-service/internal/database/localization_operations.go:298.16,300.3 1 0
github.com/helixtrack/localization-service/internal/database/localization_operations.go:301.2,306.16 4 1
github.com/helixtrack/localization-service/internal/database/localization_operations.go:306.16,308.3 1 0
github.com/helixtrack/localization-service/internal/database/localization_operations.go:309.2,311.19 2 1
github.com/helixtrack/localization-service/internal/database/mock_database.go:29.38,37.2 1 1
github.com/helixtrack/localization-service/internal/database/mock_database.go:40.44,45.2 4 1
github.com/helixtrack/localization-service/internal/database/mock_database.go:48.37,53.2 4 1
github.com/helixtrack/localization-service/internal/database/mock_database.go:56.57,60.2 3 1
github.com/helixtrack/localization-service/internal/database/mock_database.go:63.50,67.2 3 1
github.com/helixtrack/localization-service/internal/database/mock_database.go:70.49,74.2 3 1
github.com/helixtrack/localization-service/internal/database/mock_database.go:77.51,81.2 3 1
github.com/helixtrack/localization-service/internal/database/mock_database.go:84.41,88.2 3 1
github.com/helixtrack/localization-service/internal/database/mock_database.go:91.37,92.25 1 1
github.com/helixtrack/localization-service/internal/database/mock_database.go:92.25,94.3 1 1
github.com/helixtrack/localization-service/internal/database/mock_database.go:95.2,95.12 1 1
github.com/helixtrack/localization-service/internal/database/mock_database.go:99.38,100.25 1 1
github.com/helixtrack/localization-service/internal/database/mock_database.go:100.25,102.3 1 1
github.com/helixtrack/localization-service/internal/database/mock_database.go:103.2,103.12 1 1
github.com/helixtrack/localization-service/internal/database/mock_database.go:107.89,108.25 1 1
github.com/helixtrack/localization-service/internal/database/mock_database.go:108.25,110.3 1 1
github.com/helixtrack/localization-service/internal/database/mock_database.go:112.2,116.40 4 1
github.com/helixtrack/localization-service/internal/database/mock_database.go:116.40,118.3 1 1
github.com/helixtrack/localization-service/internal/database/mock_database.go:120.2,121.12 2 1
github.com/helixtrack/localization-service/internal/database/mock_database.go:124.98,125.25 1 1
github.com/helixtrack/localization-service/internal/database/mock_database.go:125.25,127.3 1 1
github.com/helixtrack/localization-service/internal/database/mock_database.go:129.2,133.13 4 1
github.com/helixtrack/localization-service/internal/database/mock_database.go:133.13,135.3 1 1
github.com/helixtrack/localization-service/internal/database/mock_database.go:136.2,136.18 1 1
github.com/helixtrack/localization-service/internal/database/mock_database.go:139.102,140.25 1 1
github.com/helixtrack/localization-service/internal/database/mock_database.go:140.25,142.3 1 1
github.com/helixtrack/localization-service/internal/database/mock_database.go:144.2,147.35 3 1
github.com/helixtrack/localization-service/internal/database/mock_database.go:147.35,148.24 1 1
github.com/helixtrack/localization-service/internal/database/mock_database.go:148.24,150.4 1 1
github.com/helixtrack/localization-service/internal/database/mock_database.go:152.2,152.52 1 1
github.com/helixtrack/localization-service/internal/database/mock_database.go:155.103,156.25 1 1
github.com/helixtrack/localization-service/internal/database/mock_database.go:156.25,158.3 1 1
github.com/helixtrack/localization-service/internal/database/mock_database.go:160.2,164.35 4 1
github.com/helixtrack/localization-service/internal/database/mock_database.go:164.35,165.35 1 1
github.com/helixtrack/localization-service/internal/database/mock_database.go:165.35,167.4 1 1
github.com/helixtrack/localization-service/internal/database/mock_database.go:169.2,169.23 1 1
github.com/helixtrack/localization-service/internal/database/mock_database.go:172.89,173.25 1 1
github.com/helixtrack/localization-service/internal/database/mock_database.go:173.25,175.3 1 1
github.com/helixtrack/localization-service/internal/database/mock_database.go:177.2,181.40 4 1
github.com/helixtrack/localization-service/internal/database/mock_database.go:181.40,183.3 1 1
github.com/helixtrack/localization-service/internal/database/mock_database.go:185.2,185.48 1 1
github.com/helixtrack/localization-service/internal/database/mock_database.go:185.48,187.3 1 1
github.com/helixtrack/localization-service/internal/database/mock_database.go:189.2,190.12 2 1
github.com/helixtrack/localization-service/internal/database/mock_database.go:193.77,194.25 1 1
github.com/helixtrack/localization-service/internal/database/mock_database.go:194.25,196.3 1 1
github.com/helixtrack/localization-service/internal/database/mock_database.go:198.2,201.43 3 1
github.com/helixtrack/localization-service/internal/database/mock_database.go:201.43,203.3 1 1
github.com/helixtrack/localization-service/internal/database/mock_database.go:205.2,206.12 2 1
github.com/helixtrack/localization-service/internal/database/mock_database.go:209.90,210.25 1 1
github.com/helixtrack/localization-service/internal/database/mock_database.go:210.25,212.3 1 1
github.com/helixtrack/localization-service/internal/database/mock_database.go:214.2,217.35 3 1
github.com/helixtrack/localization-service/internal/database/mock_database.go:217.35,218.21 1 1
github.com/helixtrack/localization-service/internal/database/mock_database.go:218.21,220.4 1 1
github.com/helixtrack/localization-service/internal/database/mock_database.go:222.2,222.60 1 1
github.com/helixtrack/localization-service/internal/database/mock_database.go:226.102,227.25 1 1
github.com/helixtrack/localization-service/internal/database/mock_database.go:227.25,229.3 1 1
github.com/helixtrack/localization-service/internal/database/mock_database.go:231.2,235.39 4 1
github.com/helixtrack/localization-service/internal/database/mock_database.go:235.39,237.3 1 1
github.com/helixtrack/localization-service/internal/database/mock_database.go:239.2,240.12 2 1
github.com/helixtrack/localization-service/internal/database/mock_database.go:243.112,244.25 1 1
github.com/helixtrack/localization-service/internal/database/mock_database.go:244.25,246.3 1 1
github.com/helixtrack/localization-service/internal/database/mock_database.go:248.2,252.13 4 1
github.com/helixtrack/localization-service/internal/database/mock_database.go:252.13,254.3 1 1
github.com/helixtrack/localization-service/internal/database/mock_database.go:255.2,255.17 1 1
github.com/helixtrack/localization-service/internal/database/mock_database.go:258.117,259.25 1 1
github.com/helixtrack/localization-service/internal/database/mock_database.go:259.25,261.3 1 1
github.com/helixtrack/localization-service/internal/database/mock_database.go:263.2,266.41 3 1
github.com/helixtrack/localization-service/internal/database/mock_database.go:266.41,267.24 1 1
github.com/helixtrack/localization-service/internal/database/mock_database.go:267.24,269.4 1 1
github.com/helixtrack/localization-service/internal/database/mock_database.go:271.2,271.60 1 1
github.com/helixtrack/localization-service/internal/database/mock_database.go:274.127,275.25 1 1
github.com/helixtrack/localization-service/internal/database/mock_database.go:275.25,277.3 1 1
github.com/helixtrack/localization-service/internal/database/mock_database.go:279.2,283.41 4 1
github.com/helixtrack/localization-service/internal/database/mock_database.go:283.41,284.31 1 1
github.com/helixtrack/localization-service/internal/database/mock_database.go:284.31,286.4 1 1
github.com/helixtrack/localization-service/internal/database/mock_database.go:288.2,288.18 1 1
github.com/helixtrack/localization-service/internal/database/mock_database.go:291.102,292.25 1 1
github.com/helixtrack/localization-service/internal/database/mock_database.go:292.25,294.3 1 1
github.com/helixtrack/localization-service/internal/database/mock_database.go:296.2,300.39 4 1
github.com/helixtrack/localization-service/internal/database/mock_database.go:300.39,302.3 1 1
github.com/helixtrack/localization-service/internal/database/mock_database.go:304.2,304.54 1 1
github.com/helixtrack/localization-service/internal/database/mock_database.go:304.54,306.3 1 1
github.com/helixtrack/localization-service/internal/database/mock_database.go:308.2,309.12 2 1
github.com/helixtrack/localization-service/internal/database/mock_database.go:312.84,313.25 1 1
github.com/helixtrack/localization-service/internal/database/mock_database.go:313.25,315.3 1 1
github.com/helixtrack/localization-service/internal/database/mock_database.go:317.2,320.50 3 1
github.com/helixtrack/localization-service/internal/database/mock_database.go:320.50,322.3 1 1
github.com/helixtrack/localization-service/internal/database/mock_database.go:324.2,325.12 2 1
github.com/helixtrack/localization-service/internal/database/mock_database.go:329.96,330.25 1 1
github.com/helixtrack/localization-service/internal/database/mock_database.go:330.25,332.3 1 1
github.com/helixtrack/localization-service/internal/database/mock_database.go:334.2,338.39 4 1
github.com/helixtrack/localization-service/internal/database/mock_database.go:338.39,340.3 1 1
github.com/helixtrack/localization-service/internal/database/mock_database.go:342.2,343.12 2 1
github.com/helixtrack/localization-service/internal/database/mock_database.go:346.106,347.25 1 1
github.com/helixtrack/localization-service/internal/database/mock_database.go:347.25,349.3 1 1
github.com/helixtrack/localization-service/internal/database/mock_database.go:351.2,355.13 4 1
github.com/helixtrack/localization-service/internal/database/mock_database.go:355.13,357.3 1 1
github.com/helixtrack/localization-service/internal/database/mock_database.go:358.2,358.17 1 1
github.com/helixtrack/localization-service/internal/database/mock_database.go:361.133,362.25 1 1
github.com/helixtrack/localization-service/internal/database/mock_database.go:362.25,364.3 1 1
github.com/helixtrack/localization-service/internal/database/mock_database.go:366.2,371.39 4 1
github.com/helixtrack/localization-service/internal/database/mock_database.go:371.39,372.20 1 1
github.com/helixtrack/localization-service/internal/database/mock_database.go:372.20,374.9 2 1
github.com/helixtrack/localization-service/internal/database/mock_database.go:377.2,377.16 1 1
github.com/helixtrack/localization-service/internal/database/mock_database.go:377.16,379.3 1 1
github.com/helixtrack/localization-service/internal/database/mock_database.go:382.2,382.38 1 1
github.com/helixtrack/localization-service/internal/database/mock_database.go:382.38,383.57 1 1
github.com/helixtrack/localization-service/internal/database/mock_database.go:383.57,385.4 1 1
github.com/helixtrack/localization-service/internal/database/mock_database.go:387.2,387.56 1 1
github.com/helixtrack/localization-service/internal/database/mock_database.go:390.123,391.25 1 1
github.com/helixtrack/localization-service/internal/database/mock_database.go:391.25,393.3 1 1
github.com/helixtrack/localization-service/internal/database/mock_database.go:395.2,399.38 4 1
github.com/helixtrack/localization-service/internal/database/mock_database.go:399.38,400.35 1 1
github.com/helixtrack/localization-service/internal/database/mock_database.go:400.35,402.4 1 1
github.com/helixtrack/localization-service/internal/database/mock_database.go:404.2,404.27 1 1
github.com/helixtrack/localization-service/internal/database/mock_database.go:407.115,408.25 1 1
github.com/helixtrack/localization-service/internal/database/mock_database.go:408.25,410.3 1 1
github.com/helixtrack/localization-service/internal/database/mock_database.go:412.2,416.38 4 1
github.com/helixtrack/localization-service/internal/database/mock_database.go:416.38,417.25 1 1
github.com/helixtrack/localization-service/internal/database/mock_database.go:417.25,419.4 1 1
github.com/helixtrack/localization-service/internal/database/mock_database.go:421.2,421.27 1 1
github.com/helixtrack/localization-service/internal/database/mock_database.go:424.96,425.25 1 1
github.com/helixtrack/localization-service/internal/database/mock_database.go:425.25,427.3 1 1
github.com/helixtrack/localization-service/internal/database/mock_database.go:429.2,433.39 4 1
github.com/helixtrack/localization-service/internal/database/mock_database.go:433.39,435.3 1 1
github.com/helixtrack/localization-service/internal/database/mock_database.go:437.2,437.51 1 1
github.com/helixtrack/localization-service/internal/database/mock_database.go:437.51,439.3 1 1
github.com/helixtrack/localization-service/internal/database/mock_database.go:441.2,442.12 2 1
github.com/helixtrack/localization-service/internal/database/mock_database.go:445.81,446.25 1 1
github.com/helixtrack/localization-service/internal/database/mock_database.go:446.25,448.3 1 1
github.com/helixtrack/localization-service/internal/database/mock_database.go:450.2,453.47 3 1
github.com/helixtrack/localization-service/internal/database/mock_database.go:453.47,455.3 1 1
github.com/helixtrack/localization-service/internal/database/mock_database.go:457.2,458.12 2 1
github.com/helixtrack/localization-service/internal/database/mock_database.go:461.92,462.25 1 1
github.com/helixtrack/localization-service/internal/database/mock_database.go:462.25,464.3 1 1
github.com/helixtrack/localization-service/internal/database/mock_database.go:466.2,470.13 4 1
github.com/helixtrack/localization-service/internal/database/mock_database.go:470.13,472.3 1 1
github.com/helixtrack/localization-service/internal/database/mock_database.go:474.2,476.12 3 1
github.com/helixtrack/localization-service/internal/database/mock_database.go:480.102,481.25 1 1
github.com/helixtrack/localization-service/internal/database/mock_database.go:481.25,483.3 1 1
github.com/helixtrack/localization-service/internal/database/mock_database.go:484.2,484.31 1 1
github.com/helixtrack/localization-service/internal/database/mock_database.go:484.31,486.3 1 1
github.com/helixtrack/localization-service/internal/database/mock_database.go:488.2,492.43 4 1
github.com/helixtrack/localization-service/internal/database/mock_database.go:492.43,494.3 1 1
github.com/helixtrack/localization-service/internal/database/mock_database.go:496.2,497.12 2 1
github.com/helixtrack/localization-service/internal/database/mock_database.go:500.139,501.25 1 1
github.com/helixtrack/localization-service/internal/database/mock_database.go:501.25,503.3 1 1
github.com/helixtrack/localization-service/internal/database/mock_database.go:505.2,506.37 2 1
github.com/helixtrack/localization-service/internal/database/mock_database.go:506.37,507.71 1 1
github.com/helixtrack/localization-service/internal/database/mock_database.go:507.71,511.4 2 1
github.com/helixtrack/localization-service/internal/database/mock_database.go:513.2,516.50 2 1
github.com/helixtrack/localization-service/internal/database/mock_database.go:519.135,521.2 1 1
github.com/helixtrack/localization-service/internal/database/mock_database.go:523.102,524.25 1 1
github.com/helixtrack/localization-service/internal/database/mock_database.go:524.25,526.3 1 1
github.com/helixtrack/localization-service/internal/database/mock_database.go:528.2,532.43 4 1
github.com/helixtrack/localization-service/internal/database/mock_database.go:532.43,534.3 1 1
github.com/helixtrack/localization-service/internal/database/mock_database.go:536.2,536.50 1 1
github.com/helixtrack/localization-service/internal/database/mock_database.go:536.50,538.3 1 1
github.com/helixtrack/localization-service/internal/database/mock_database.go:540.2,541.12 2 1
github.com/helixtrack/localization-service/internal/database/mock_database.go:544.76,545.25 1 1
github.com/helixtrack/localization-service/internal/database/mock_database.go:545.25,547.3 1 1
github.com/helixtrack/localization-service/internal/database/mock_database.go:549.2,552.42 3 1
github.com/helixtrack/localization-service/internal/database/mock_database.go:552.42,554.3 1 1
github.com/helixtrack/localization-service/internal/database/mock_database.go:556.2,557.12 2 1
github.com/helixtrack/localization-service/internal/database/mock_database.go:560.131,561.25 1 1
github.com/helixtrack/localization-service/internal/database/mock_database.go:561.25,563.3 1 1
github.com/helixtrack/localization-service/internal/database/mock_database.go:565.2,569.13 3 1
github.com/helixtrack/localization-service/internal/database/mock_database.go:569.13,572.3 2 1
github.com/helixtrack/localization-service/internal/database/mock_database.go:575.2,576.38 2 1
github.com/helixtrack/localization-service/internal/database/mock_database.go:576.38,577.35 1 1
github.com/helixtrack/localization-service/internal/database/mock_database.go:577.35,579.60 1 1
github.com/helixtrack/localization-service/internal/database/mock_database.go:579.60,580.51 1 1
github.com/helixtrack/localization-service/internal/database/mock_database.go:580.51,582.6 1 1
github.com/helixtrack/localization-service/internal/database/mock_database.go:586.2,589.32 2 1
github.com/helixtrack/localization-service/internal/database/mock_database.go:589.32,591.3 1 1
github.com/helixtrack/localization-service/internal/database/mock_database.go:594.2,595.16 2 1
github.com/helixtrack/localization-service/internal/database/mock_database.go:595.16,597.3 1 0
github.com/helixtrack/localization-service/internal/database/mock_database.go:600.2,609.54 3 1
github.com/helixtrack/localization-service/internal/database/mock_database.go:609.54,611.3 1 1
github.com/helixtrack/localization-service/internal/database/mock_database.go:613.2,613.21 1 1
github.com/helixtrack/localization-service/internal/database/mock_database.go:617.102,618.25 1 1
github.com/helixtrack/localization-service/internal/database/mock_database.go:618.25,620.3 1 1
github.com/helixtrack/localization-service/internal/database/mock_database.go:622.2,622.20 1 1
github.com/helixtrack/localization-service/internal/database/mock_database.go:622.20,624.3 1 1
github.com/helixtrack/localization-service/internal/database/mock_database.go:626.2,629.23 3 1
github.com/helixtrack/localization-service/internal/database/mock_database.go:629.23,631.3 1 1
github.com/helixtrack/localization-service/internal/database/mock_database.go:634.2,637.12 3 1
github.com/helixtrack/localization-service/internal/database/mock_database.go:640.123,641.25 1 1
github.com/helixtrack/localization-service/internal/database/mock_database.go:641.25,643.3 1 1
github.com/helixtrack/localization-service/internal/database/mock_database.go:645.2,648.37 3 1
github.com/helixtrack/localization-service/internal/database/mock_database.go:648.37,649.45 1 1
github.com/helixtrack/localization-service/internal/database/mock_database.go:649.45,651.4 1 1
github.com/helixtrack/localization-service/internal/database/mock_database.go:654.2,654.51 1 1
github.com/helixtrack/localization-service/internal/database/mock_database.go:657.108,658.25 1 1
github.com/helixtrack/localization-service/internal/database/mock_database.go:658.25,660.3 1 1
github.com/helixtrack/localization-service/internal/database/mock_database.go:662.2,666.13 4 1
github.com/helixtrack/localization-service/internal/database/mock_database.go:666.13,668.3 1 1
github.com/helixtrack/localization-service/internal/database/mock_database.go:670.2,670.21 1 1
github.com/helixtrack/localization-service/internal/database/mock_database.go:673.100,674.25 1 1
github.com/helixtrack/localization-service/internal/database/mock_database.go:674.25,676.3 1 1
github.com/helixtrack/localization-service/internal/database/mock_database.go:678.2,681.26 3 1
github.com/helixtrack/localization-service/internal/database/mock_database.go:681.26,683.3 1 1
github.com/helixtrack/localization-service/internal/database/mock_database.go:686.2,687.37 2 1
github.com/helixtrack/localization-service/internal/database/mock_database.go:687.37,688.74 1 1
github.com/helixtrack/localization-service/internal/database/mock_database.go:688.74,690.4 1 1
github.com/helixtrack/localization-service/internal/database/mock_database.go:693.2,693.27 1 1
github.com/helixtrack/localization-service/internal/database/mock_database.go:696.116,697.25 1 1
github.com/helixtrack/localization-service/internal/database/mock_database.go:697.25,699.3 1 1
github.com/helixtrack/localization-service/internal/database/mock_database.go:701.2,705.37 4 1
github.com/helixtrack/localization-service/internal/database/mock_database.go:705.37,707.3 1 1
github.com/helixtrack/localization-service/internal/database/mock_database.go:710.2,710.37 1 1
github.com/helixtrack/localization-service/internal/database/mock_database.go:710.37,711.42 1 1
github.com/helixtrack/localization-service/internal/database/mock_database.go:711.42,712.53 1 1
github.com/helixtrack/localization-service/internal/database/mock_database.go:712.53,714.5 1 1
github.com/helixtrack/localization-service/internal/database/mock_database.go:719.2,719.29 1 1
github.com/helixtrack/localization-service/internal/database/mock_database.go:719.29,721.3 1 1
github.com/helixtrack/localization-service/internal/database/mock_database.go:723.2,724.25 2 1
github.com/helixtrack/localization-service/internal/database/mock_database.go:724.25,726.3 1 1
github.com/helixtrack/localization-service/internal/database/mock_database.go:728.2,728.34 1 1
github.com/helixtrack/localization-service/internal/database/mock_database.go:731.72,732.25 1 1
github.com/helixtrack/localization-service/internal/database/mock_database.go:732.25,734.3 1 1
github.com/helixtrack/localization-service/internal/database/mock_database.go:736.2,739.29 3 1
github.com/helixtrack/localization-service/internal/database/mock_database.go:742.76,743.25 1 1
github.com/helixtrack/localization-service/internal/database/mock_database.go:743.25,745.3 1 1
github.com/helixtrack/localization-service/internal/database/mock_database.go:747.2,750.42 3 1
github.com/helixtrack/localization-service/internal/database/mock_database.go:750.42,752.3 1 1
github.com/helixtrack/localization-service/internal/database/mock_database.go:754.2,755.12 2 1
github.com/helixtrack/localization-service/internal/database/mock_database.go:758.138,759.25 1 1
github.com/helixtrack/localization-service/internal/database/mock_database.go:759.25,761.3 1 1
github.com/helixtrack/localization-service/internal/database/mock_database.go:763.2,768.37 4 1
github.com/helixtrack/localization-service/internal/database/mock_database.go:768.37,769.45 1 1
github.com/helixtrack/localization-service/internal/database/mock_database.go:769.45,771.9 2 1
github.com/helixtrack/localization-service/internal/database/mock_database.go:775.2,775.26 1 1
github.com/helixtrack/localization-service/internal/database/mock_database.go:775.26,777.3 1 1
github.com/helixtrack/localization-service/internal/database/mock_database.go:780.2,781.35 2 1
github.com/helixtrack/localization-service/internal/database/mock_database.go:781.35,782.32 1 1
github.com/helixtrack/localization-service/internal/database/mock_database.go:782.32,784.9 2 1
github.com/helixtrack/localization-service/internal/database/mock_database.go:788.2,788.23 1 1
github.com/helixtrack/localization-service/internal/database/mock_database.go:788.23,790.3 1 1
github.com/helixtrack/localization-service/internal/database/mock_database.go:793.2,805.21 3 1
github.com/helixtrack/localization-service/internal/database/mock_database.go:809.163,810.25 1 1
github.com/helixtrack/localization-service/internal/database/mock_database.go:810.25,812.3 1 1
github.com/helixtrack/localization-service/internal/database/mock_database.go:815.2,815.12 1 1
github.com/helixtrack/localization-service/internal/database/mock_database.go:819.86,820.25 1 1
github.com/helixtrack/localization-service/internal/database/mock_database.go:820.25,822.3 1 1
github.com/helixtrack/localization-service/internal/database/mock_database.go:824.2,834.19 9 1
github.com/helixtrack/localization-service/internal/database/mock_database.go:838.39,839.25 1 1
github.com/helixtrack/localization-service/internal/database/mock_database.go:839.25,841.3 1 1
github.com/helixtrack/localization-service/internal/database/mock_database.go:842.2,842.12 1 1
github.com/helixtrack/localization-service/internal/database/version_operations.go:13.106,37.16 4 0
github.com/helixtrack/localization-service/internal/database/version_operations.go:37.16,39.3 1 0
github.com/helixtrack/localization-service/internal/database/version_operations.go:41.2,46.12 2 0
github.com/helixtrack/localization-service/internal/database/version_operations.go:50.127,73.26 4 0
github.com/helixtrack/localization-service/internal/database/version_operations.go:73.26,75.3 1 0
github.com/helixtrack/localization-service/internal/database/version_operations.go:77.2,77.16 1 0
github.com/helixtrack/localization-service/internal/database/version_operations.go:77.16,79.3 1 0
github.com/helixtrack/localization-service/internal/database/version_operations.go:81.2,81.22 1 0
github.com/helixtrack/localization-service/internal/database/version_operations.go:85.112,108.26 4 0
github.com/helixtrack/localization-service/internal/database/version_operations.go:108.26,110.3 1 0
github.com/helixtrack/localization-service/internal/database/version_operations.go:112.2,112.16 1 0
github.com/helixtrack/localization-service/internal/database/version_operations.go:112.16,114.3 1 0
github.com/helixtrack/localization-service/internal/database/version_operations.go:116.2,116.22 1 0
github.com/helixtrack/localization-service/internal/database/version_operations.go:120.104,144.26 4 0
github.com/helixtrack/localization-service/internal/database/version_operations.go:144.26,146.3 1 0
github.com/helixtrack/localization-service/internal/database/version_operations.go:148.2,148.16 1 0
github.com/helixtrack/localization-service/internal/database/version_operations.go:148.16,150.3 1 0
github.com/helixtrack/localization-service/internal/database/version_operations.go:152.2,152.22 1 0
github.com/helixtrack/localization-service/internal/database/version_operations.go:156.120,157.16 1 0
github.com/helixtrack/localization-service/internal/database/version_operations.go:157.16,159.3 1 0
github.com/helixtrack/localization-service/internal/database/version_operations.go:161.2,161.16 1 0
github.com/helixtrack/localization-service/internal/database/version_operations.go:161.16,163.3 1 0
github.com/helixtrack/localization-service/internal/database/version_operations.go:165.2,175.16 3 0
github.com/helixtrack/localization-service/internal/database/version_operations.go:175.16,177.3 1 0
github.com/helixtrack/localization-service/internal/database/version_operations.go:178.2,182.18 3 0
github.com/helixtrack/localization-service/internal/database/version_operations.go:182.18,197.17 3 0
github.com/helixtrack/localization-service/internal/database/version_operations.go:197.17,199.4 1 0
github.com/helixtrack/localization-service/internal/database/version_operations.go:201.3,201.40 1 0
github.com/helixtrack/localization-service/internal/database/version_operations.go:204.2,204.35 1 0
github.com/helixtrack/localization-service/internal/database/version_operations.go:204.35,206.3 1 0
github.com/helixtrack/localization-service/internal/database/version_operations.go:208.2,208.22 1 0
github.com/helixtrack/localization-service/internal/database/version_operations.go:212.76,217.16 4 0
github.com/helixtrack/localization-service/internal/database/version_operations.go:217.16,219.3 1 0
github.com/helixtrack/localization-service/internal/database/version_operations.go:221.2,221.19 1 0
github.com/helixtrack/localization-service/internal/database/version_operations.go:225.80,229.16 3 0
github.com/helixtrack/localization-service/internal/database/version_operations.go:229.16,231.3 1 0
github.com/helixtrack/localization-service/internal/database/version_operations.go:233.2,234.16 2 0
github.com/helixtrack/localization-service/internal/database/version_operations.go:234.16,236.3 1 0
github.com/helixtrack/localization-service/internal/database/version_operations.go:238.2,238.23 1 0
github.com/helixtrack/localization-service/internal/database/version_operations.go:238.23,240.3 1 0
github.com/helixtrack/localization-service/internal/database/version_operations.go:242.2,244.12 2 0
github.com/helixtrack/localization-service/internal/database/version_operations.go:248.142,251.16 2 0
github.com/helixtrack/localization-service/internal/database/version_operations.go:251.16,253.3 1 0
github.com/helixtrack/localization-service/internal/database/version_operations.go:256.2,257.16 2 0
github.com/helixtrack/localization-service/internal/database/version_operations.go:257.16,259.3 1 0
github.com/helixtrack/localization-service/internal/database/version_operations.go:262.2,283.26 4 0
github.com/helixtrack/localization-service/internal/database/version_operations.go:283.26,285.3 1 0
github.com/helixtrack/localization-service/internal/database/version_operations.go:287.2,287.16 1 0
github.com/helixtrack/localization-service/internal/database/version_operations.go:287.16,289.3 1 0
github.com/helixtrack/localization-service/internal/database/version_operations.go:291.2,291.22 1 0
