mode: set
github.com/helixtrack/localization-service/internal/database/catalog_operations.go:14.106,17.43 2 1
github.com/helixtrack/localization-service/internal/database/catalog_operations.go:17.43,19.3 1 0
github.com/helixtrack/localization-service/internal/database/catalog_operations.go:21.2,35.16 3 1
github.com/helixtrack/localization-service/internal/database/catalog_operations.go:35.16,38.3 2 0
github.com/helixtrack/localization-service/internal/database/catalog_operations.go:40.2,45.12 2 1
github.com/helixtrack/localization-service/internal/database/catalog_operations.go:49.143,53.20 3 1
github.com/helixtrack/localization-service/internal/database/catalog_operations.go:53.20,62.3 2 1
github.com/helixtrack/localization-service/internal/database/catalog_operations.go:62.8,71.3 2 0
github.com/helixtrack/localization-service/internal/database/catalog_operations.go:73.2,81.28 4 1
github.com/helixtrack/localization-service/internal/database/catalog_operations.go:81.28,83.3 1 1
github.com/helixtrack/localization-service/internal/database/catalog_operations.go:85.2,85.16 1 1
github.com/helixtrack/localization-service/internal/database/catalog_operations.go:85.16,86.36 1 1
github.com/helixtrack/localization-service/internal/database/catalog_operations.go:86.36,93.4 2 1
github.com/helixtrack/localization-service/internal/database/catalog_operations.go:94.3,95.38 2 0
github.com/helixtrack/localization-service/internal/database/catalog_operations.go:98.2,98.21 1 1
github.com/helixtrack/localization-service/internal/database/catalog_operations.go:102.139,104.2 1 0
github.com/helixtrack/localization-service/internal/database/catalog_operations.go:107.106,110.43 2 1
github.com/helixtrack/localization-service/internal/database/catalog_operations.go:110.43,112.3 1 0
github.com/helixtrack/localization-service/internal/database/catalog_operations.go:114.2,124.16 3 1
github.com/helixtrack/localization-service/internal/database/catalog_operations.go:124.16,127.3 2 0
github.com/helixtrack/localization-service/internal/database/catalog_operations.go:129.2,130.15 2 1
github.com/helixtrack/localization-service/internal/database/catalog_operations.go:130.15,132.3 1 0
github.com/helixtrack/localization-service/internal/database/catalog_operations.go:134.2,135.12 2 1
github.com/helixtrack/localization-service/internal/database/catalog_operations.go:139.80,143.16 3 1
github.com/helixtrack/localization-service/internal/database/catalog_operations.go:143.16,146.3 2 0
github.com/helixtrack/localization-service/internal/database/catalog_operations.go:148.2,149.15 2 1
github.com/helixtrack/localization-service/internal/database/catalog_operations.go:149.15,151.3 1 0
github.com/helixtrack/localization-service/internal/database/catalog_operations.go:153.2,154.12 2 1
github.com/helixtrack/localization-service/internal/database/catalog_operations.go:158.135,161.16 2 1
github.com/helixtrack/localization-service/internal/database/catalog_operations.go:161.16,163.3 1 0
github.com/helixtrack/localization-service/internal/database/catalog_operations.go:166.2,169.20 3 1
github.com/helixtrack/localization-service/internal/database/catalog_operations.go:169.20,178.3 2 1
github.com/helixtrack/localization-service/internal/database/catalog_operations.go:178.8,187.3 2 0
github.com/helixtrack/localization-service/internal/database/catalog_operations.go:189.2,190.16 2 1
github.com/helixtrack/localization-service/internal/database/catalog_operations.go:190.16,192.3 1 0
github.com/helixtrack/localization-service/internal/database/catalog_operations.go:193.2,197.18 3 1
github.com/helixtrack/localization-service/internal/database/catalog_operations.go:197.18,199.49 2 0
github.com/helixtrack/localization-service/internal/database/catalog_operations.go:199.49,202.4 2 0
github.com/helixtrack/localization-service/internal/database/catalog_operations.go:203.3,203.26 1 0
github.com/helixtrack/localization-service/internal/database/catalog_operations.go:207.2,208.16 2 1
github.com/helixtrack/localization-service/internal/database/catalog_operations.go:208.16,211.3 2 0
github.com/helixtrack/localization-service/internal/database/catalog_operations.go:214.2,219.20 3 1
github.com/helixtrack/localization-service/internal/database/catalog_operations.go:219.20,225.3 2 1
github.com/helixtrack/localization-service/internal/database/catalog_operations.go:225.8,227.3 1 0
github.com/helixtrack/localization-service/internal/database/catalog_operations.go:228.2,228.50 1 1
github.com/helixtrack/localization-service/internal/database/catalog_operations.go:228.50,231.3 2 0
github.com/helixtrack/localization-service/internal/database/catalog_operations.go:234.2,244.54 3 1
github.com/helixtrack/localization-service/internal/database/catalog_operations.go:244.54,246.3 1 0
github.com/helixtrack/localization-service/internal/database/catalog_operations.go:248.2,255.21 2 1
github.com/helixtrack/localization-service/internal/database/database.go:82.117,86.16 3 1
github.com/helixtrack/localization-service/internal/database/database.go:86.16,88.3 1 0
github.com/helixtrack/localization-service/internal/database/database.go:91.2,97.34 5 1
github.com/helixtrack/localization-service/internal/database/database.go:97.34,99.3 1 1
github.com/helixtrack/localization-service/internal/database/database.go:101.2,113.8 2 1
github.com/helixtrack/localization-service/internal/database/database.go:117.41,119.2 1 1
github.com/helixtrack/localization-service/internal/database/database.go:122.42,124.2 1 1
github.com/helixtrack/localization-service/internal/database/database.go:127.116,129.16 2 1
github.com/helixtrack/localization-service/internal/database/database.go:129.16,135.3 2 0
github.com/helixtrack/localization-service/internal/database/database.go:136.2,136.20 1 1
github.com/helixtrack/localization-service/internal/database/database.go:140.109,142.2 1 1
github.com/helixtrack/localization-service/internal/database/database.go:145.116,147.16 2 1
github.com/helixtrack/localization-service/internal/database/database.go:147.16,153.3 2 0
github.com/helixtrack/localization-service/internal/database/database.go:154.2,154.18 1 1
github.com/helixtrack/localization-service/internal/database/database.go:158.57,161.49 1 0
github.com/helixtrack/localization-service/internal/database/database.go:161.50,164.3 0 0
github.com/helixtrack/localization-service/internal/database/database.go:165.2,165.14 1 0
github.com/helixtrack/localization-service/internal/database/database.go:169.57,172.49 1 0
github.com/helixtrack/localization-service/internal/database/database.go:172.50,175.3 0 0
github.com/helixtrack/localization-service/internal/database/database.go:176.2,176.14 1 0
github.com/helixtrack/localization-service/internal/database/key_operations.go:13.106,16.39 2 1
github.com/helixtrack/localization-service/internal/database/key_operations.go:16.39,18.3 1 0
github.com/helixtrack/localization-service/internal/database/key_operations.go:20.2,30.16 3 1
github.com/helixtrack/localization-service/internal/database/key_operations.go:30.16,33.3 2 0
github.com/helixtrack/localization-service/internal/database/key_operations.go:35.2,36.12 2 1
github.com/helixtrack/localization-service/internal/database/key_operations.go:40.116,53.16 4 0
github.com/helixtrack/localization-service/internal/database/key_operations.go:53.16,54.36 1 0
github.com/helixtrack/localization-service/internal/database/key_operations.go:54.36,56.4 1 0
github.com/helixtrack/localization-service/internal/database/key_operations.go:57.3,58.38 2 0
github.com/helixtrack/localization-service/internal/database/key_operations.go:61.2,61.17 1 0
github.com/helixtrack/localization-service/internal/database/key_operations.go:65.121,78.16 4 0
github.com/helixtrack/localization-service/internal/database/key_operations.go:78.16,79.36 1 0
github.com/helixtrack/localization-service/internal/database/key_operations.go:79.36,81.4 1 0
github.com/helixtrack/localization-service/internal/database/key_operations.go:82.3,83.38 2 0
github.com/helixtrack/localization-service/internal/database/key_operations.go:86.2,86.17 1 0
github.com/helixtrack/localization-service/internal/database/key_operations.go:90.131,99.16 3 0
github.com/helixtrack/localization-service/internal/database/key_operations.go:99.16,101.3 1 0
github.com/helixtrack/localization-service/internal/database/key_operations.go:102.2,105.18 3 0
github.com/helixtrack/localization-service/internal/database/key_operations.go:105.18,110.17 2 0
github.com/helixtrack/localization-service/internal/database/key_operations.go:110.17,113.4 2 0
github.com/helixtrack/localization-service/internal/database/key_operations.go:114.3,114.27 1 0
github.com/helixtrack/localization-service/internal/database/key_operations.go:117.2,117.18 1 0
github.com/helixtrack/localization-service/internal/database/key_operations.go:121.106,124.39 2 0
github.com/helixtrack/localization-service/internal/database/key_operations.go:124.39,126.3 1 0
github.com/helixtrack/localization-service/internal/database/key_operations.go:128.2,138.16 3 0
github.com/helixtrack/localization-service/internal/database/key_operations.go:138.16,141.3 2 0
github.com/helixtrack/localization-service/internal/database/key_operations.go:143.2,144.15 2 0
github.com/helixtrack/localization-service/internal/database/key_operations.go:144.15,146.3 1 0
github.com/helixtrack/localization-service/internal/database/key_operations.go:148.2,149.12 2 0
github.com/helixtrack/localization-service/internal/database/key_operations.go:153.88,161.16 3 0
github.com/helixtrack/localization-service/internal/database/key_operations.go:161.16,164.3 2 0
github.com/helixtrack/localization-service/internal/database/key_operations.go:166.2,167.15 2 0
github.com/helixtrack/localization-service/internal/database/key_operations.go:167.15,169.3 1 0
github.com/helixtrack/localization-service/internal/database/key_operations.go:171.2,172.12 2 0
github.com/helixtrack/localization-service/internal/database/language_operations.go:14.93,17.40 2 1
github.com/helixtrack/localization-service/internal/database/language_operations.go:17.40,19.3 1 0
github.com/helixtrack/localization-service/internal/database/language_operations.go:21.2,31.16 3 1
github.com/helixtrack/localization-service/internal/database/language_operations.go:31.16,34.3 2 0
github.com/helixtrack/localization-service/internal/database/language_operations.go:36.2,37.12 2 1
github.com/helixtrack/localization-service/internal/database/language_operations.go:41.102,54.16 4 1
github.com/helixtrack/localization-service/internal/database/language_operations.go:54.16,55.36 1 0
github.com/helixtrack/localization-service/internal/database/language_operations.go:55.36,57.4 1 0
github.com/helixtrack/localization-service/internal/database/language_operations.go:58.3,59.38 2 0
github.com/helixtrack/localization-service/internal/database/language_operations.go:62.2,62.18 1 1
github.com/helixtrack/localization-service/internal/database/language_operations.go:66.106,79.16 4 1
github.com/helixtrack/localization-service/internal/database/language_operations.go:79.16,80.36 1 1
github.com/helixtrack/localization-service/internal/database/language_operations.go:80.36,82.4 1 1
github.com/helixtrack/localization-service/internal/database/language_operations.go:83.3,84.38 2 0
github.com/helixtrack/localization-service/internal/database/language_operations.go:87.2,87.18 1 1
github.com/helixtrack/localization-service/internal/database/language_operations.go:91.107,98.16 2 1
github.com/helixtrack/localization-service/internal/database/language_operations.go:98.16,100.3 1 0
github.com/helixtrack/localization-service/internal/database/language_operations.go:102.2,105.16 3 1
github.com/helixtrack/localization-service/internal/database/language_operations.go:105.16,107.3 1 0
github.com/helixtrack/localization-service/internal/database/language_operations.go:108.2,111.18 3 1
github.com/helixtrack/localization-service/internal/database/language_operations.go:111.18,116.17 2 1
github.com/helixtrack/localization-service/internal/database/language_operations.go:116.17,119.4 2 0
github.com/helixtrack/localization-service/internal/database/language_operations.go:120.3,120.38 1 1
github.com/helixtrack/localization-service/internal/database/language_operations.go:123.2,123.23 1 1
github.com/helixtrack/localization-service/internal/database/language_operations.go:127.93,130.40 2 1
github.com/helixtrack/localization-service/internal/database/language_operations.go:130.40,132.3 1 0
github.com/helixtrack/localization-service/internal/database/language_operations.go:134.2,144.16 3 1
github.com/helixtrack/localization-service/internal/database/language_operations.go:144.16,147.3 2 0
github.com/helixtrack/localization-service/internal/database/language_operations.go:149.2,150.15 2 1
github.com/helixtrack/localization-service/internal/database/language_operations.go:150.15,152.3 1 0
github.com/helixtrack/localization-service/internal/database/language_operations.go:154.2,155.12 2 1
github.com/helixtrack/localization-service/internal/database/language_operations.go:159.81,169.16 4 1
github.com/helixtrack/localization-service/internal/database/language_operations.go:169.16,172.3 2 0
github.com/helixtrack/localization-service/internal/database/language_operations.go:174.2,175.15 2 1
github.com/helixtrack/localization-service/internal/database/language_operations.go:175.15,177.3 1 0
github.com/helixtrack/localization-service/internal/database/language_operations.go:179.2,180.12 2 1
github.com/helixtrack/localization-service/internal/database/language_operations.go:184.94,198.16 4 0
github.com/helixtrack/localization-service/internal/database/language_operations.go:198.16,199.36 1 0
github.com/helixtrack/localization-service/internal/database/language_operations.go:199.36,201.4 1 0
github.com/helixtrack/localization-service/internal/database/language_operations.go:202.3,203.38 2 0
github.com/helixtrack/localization-service/internal/database/language_operations.go:206.2,206.18 1 0
github.com/helixtrack/localization-service/internal/database/localization_operations.go:15.100,18.39 2 1
github.com/helixtrack/localization-service/internal/database/localization_operations.go:18.39,20.3 1 0
github.com/helixtrack/localization-service/internal/database/localization_operations.go:22.2,36.16 3 1
github.com/helixtrack/localization-service/internal/database/localization_operations.go:36.16,39.3 2 0
github.com/helixtrack/localization-service/internal/database/localization_operations.go:41.2,42.12 2 1
github.com/helixtrack/localization-service/internal/database/localization_operations.go:46.110,62.16 4 0
github.com/helixtrack/localization-service/internal/database/localization_operations.go:62.16,63.36 1 0
github.com/helixtrack/localization-service/internal/database/localization_operations.go:63.36,65.4 1 0
github.com/helixtrack/localization-service/internal/database/localization_operations.go:66.3,67.38 2 0
github.com/helixtrack/localization-service/internal/database/localization_operations.go:70.2,70.17 1 0
github.com/helixtrack/localization-service/internal/database/localization_operations.go:74.137,90.16 4 1
github.com/helixtrack/localization-service/internal/database/localization_operations.go:90.16,91.36 1 1
github.com/helixtrack/localization-service/internal/database/localization_operations.go:91.36,93.4 1 1
github.com/helixtrack/localization-service/internal/database/localization_operations.go:94.3,95.38 2 0
github.com/helixtrack/localization-service/internal/database/localization_operations.go:98.2,98.17 1 1
github.com/helixtrack/localization-service/internal/database/localization_operations.go:102.127,113.16 3 1
github.com/helixtrack/localization-service/internal/database/localization_operations.go:113.16,115.3 1 0
github.com/helixtrack/localization-service/internal/database/localization_operations.go:116.2,119.18 3 1
github.com/helixtrack/localization-service/internal/database/localization_operations.go:119.18,125.17 2 1
github.com/helixtrack/localization-service/internal/database/localization_operations.go:125.17,128.4 2 0
github.com/helixtrack/localization-service/internal/database/localization_operations.go:129.3,129.45 1 1
github.com/helixtrack/localization-service/internal/database/localization_operations.go:132.2,132.27 1 1
github.com/helixtrack/localization-service/internal/database/localization_operations.go:136.119,146.16 3 0
github.com/helixtrack/localization-service/internal/database/localization_operations.go:146.16,148.3 1 0
github.com/helixtrack/localization-service/internal/database/localization_operations.go:149.2,152.18 3 0
github.com/helixtrack/localization-service/internal/database/localization_operations.go:152.18,158.17 2 0
github.com/helixtrack/localization-service/internal/database/localization_operations.go:158.17,161.4 2 0
github.com/helixtrack/localization-service/internal/database/localization_operations.go:162.3,162.45 1 0
github.com/helixtrack/localization-service/internal/database/localization_operations.go:165.2,165.27 1 0
github.com/helixtrack/localization-service/internal/database/localization_operations.go:169.100,172.39 2 1
github.com/helixtrack/localization-service/internal/database/localization_operations.go:172.39,174.3 1 0
github.com/helixtrack/localization-service/internal/database/localization_operations.go:176.2,188.16 3 1
github.com/helixtrack/localization-service/internal/database/localization_operations.go:188.16,191.3 2 0
github.com/helixtrack/localization-service/internal/database/localization_operations.go:193.2,194.15 2 1
github.com/helixtrack/localization-service/internal/database/localization_operations.go:194.15,196.3 1 0
github.com/helixtrack/localization-service/internal/database/localization_operations.go:198.2,199.12 2 1
github.com/helixtrack/localization-service/internal/database/localization_operations.go:203.85,211.16 3 1
github.com/helixtrack/localization-service/internal/database/localization_operations.go:211.16,214.3 2 0
github.com/helixtrack/localization-service/internal/database/localization_operations.go:216.2,217.15 2 1
github.com/helixtrack/localization-service/internal/database/localization_operations.go:217.15,219.3 1 0
github.com/helixtrack/localization-service/internal/database/localization_operations.go:221.2,222.12 2 1
github.com/helixtrack/localization-service/internal/database/localization_operations.go:226.96,235.16 4 0
github.com/helixtrack/localization-service/internal/database/localization_operations.go:235.16,238.3 2 0
github.com/helixtrack/localization-service/internal/database/localization_operations.go:240.2,241.15 2 0
github.com/helixtrack/localization-service/internal/database/localization_operations.go:241.15,243.3 1 0
github.com/helixtrack/localization-service/internal/database/localization_operations.go:245.2,246.12 2 0
github.com/helixtrack/localization-service/internal/database/localization_operations.go:250.167,257.16 3 0
github.com/helixtrack/localization-service/internal/database/localization_operations.go:257.16,260.3 2 0
github.com/helixtrack/localization-service/internal/database/localization_operations.go:262.2,267.16 2 0
github.com/helixtrack/localization-service/internal/database/localization_operations.go:267.16,270.3 2 0
github.com/helixtrack/localization-service/internal/database/localization_operations.go:272.2,272.12 1 0
github.com/helixtrack/localization-service/internal/database/localization_operations.go:276.90,282.16 4 1
github.com/helixtrack/localization-service/internal/database/localization_operations.go:282.16,284.3 1 0
github.com/helixtrack/localization-service/internal/database/localization_operations.go:285.2,290.16 4 1
github.com/helixtrack/localization-service/internal/database/localization_operations.go:290.16,292.3 1 0
github.com/helixtrack/localization-service/internal/database/localization_operations.go:293.2,298.16 4 1
github.com/helixtrack/localization-service/internal/database/localization_operations.go:298.16,300.3 1 0
github.com/helixtrack/localization-service/internal/database/localization_operations.go:301.2,306.16 4 1
github.com/helixtrack/localization-service/internal/database/localization_operations.go:306.16,308.3 1 0
github.com/helixtrack/localization-service/internal/database/localization_operations.go:309.2,311.19 2 1
github.com/helixtrack/localization-service/internal/database/mock_database.go:24.38,31.2 1 1
github.com/helixtrack/localization-service/internal/database/mock_database.go:34.44,39.2 4 0
github.com/helixtrack/localization-service/internal/database/mock_database.go:42.37,47.2 4 0
github.com/helixtrack/localization-service/internal/database/mock_database.go:50.37,51.25 1 0
github.com/helixtrack/localization-service/internal/database/mock_database.go:51.25,53.3 1 0
github.com/helixtrack/localization-service/internal/database/mock_database.go:54.2,54.12 1 0
github.com/helixtrack/localization-service/internal/database/mock_database.go:58.38,59.25 1 0
github.com/helixtrack/localization-service/internal/database/mock_database.go:59.25,61.3 1 0
github.com/helixtrack/localization-service/internal/database/mock_database.go:62.2,62.12 1 0
github.com/helixtrack/localization-service/internal/database/mock_database.go:66.89,67.25 1 1
github.com/helixtrack/localization-service/internal/database/mock_database.go:67.25,69.3 1 0
github.com/helixtrack/localization-service/internal/database/mock_database.go:71.2,75.40 4 1
github.com/helixtrack/localization-service/internal/database/mock_database.go:75.40,77.3 1 1
github.com/helixtrack/localization-service/internal/database/mock_database.go:79.2,80.12 2 1
github.com/helixtrack/localization-service/internal/database/mock_database.go:83.98,84.25 1 0
github.com/helixtrack/localization-service/internal/database/mock_database.go:84.25,86.3 1 0
github.com/helixtrack/localization-service/internal/database/mock_database.go:88.2,92.13 4 0
github.com/helixtrack/localization-service/internal/database/mock_database.go:92.13,94.3 1 0
github.com/helixtrack/localization-service/internal/database/mock_database.go:95.2,95.18 1 0
github.com/helixtrack/localization-service/internal/database/mock_database.go:98.102,99.25 1 1
github.com/helixtrack/localization-service/internal/database/mock_database.go:99.25,101.3 1 0
github.com/helixtrack/localization-service/internal/database/mock_database.go:103.2,106.35 3 1
github.com/helixtrack/localization-service/internal/database/mock_database.go:106.35,107.24 1 1
github.com/helixtrack/localization-service/internal/database/mock_database.go:107.24,109.4 1 1
github.com/helixtrack/localization-service/internal/database/mock_database.go:111.2,111.52 1 1
github.com/helixtrack/localization-service/internal/database/mock_database.go:114.103,115.25 1 0
github.com/helixtrack/localization-service/internal/database/mock_database.go:115.25,117.3 1 0
github.com/helixtrack/localization-service/internal/database/mock_database.go:119.2,123.35 4 0
github.com/helixtrack/localization-service/internal/database/mock_database.go:123.35,124.35 1 0
github.com/helixtrack/localization-service/internal/database/mock_database.go:124.35,126.4 1 0
github.com/helixtrack/localization-service/internal/database/mock_database.go:128.2,128.23 1 0
github.com/helixtrack/localization-service/internal/database/mock_database.go:131.89,132.25 1 1
github.com/helixtrack/localization-service/internal/database/mock_database.go:132.25,134.3 1 0
github.com/helixtrack/localization-service/internal/database/mock_database.go:136.2,140.40 4 1
github.com/helixtrack/localization-service/internal/database/mock_database.go:140.40,142.3 1 1
github.com/helixtrack/localization-service/internal/database/mock_database.go:144.2,144.48 1 1
github.com/helixtrack/localization-service/internal/database/mock_database.go:144.48,146.3 1 1
github.com/helixtrack/localization-service/internal/database/mock_database.go:148.2,149.12 2 1
github.com/helixtrack/localization-service/internal/database/mock_database.go:152.77,153.25 1 1
github.com/helixtrack/localization-service/internal/database/mock_database.go:153.25,155.3 1 0
github.com/helixtrack/localization-service/internal/database/mock_database.go:157.2,160.43 3 1
github.com/helixtrack/localization-service/internal/database/mock_database.go:160.43,162.3 1 1
github.com/helixtrack/localization-service/internal/database/mock_database.go:164.2,165.12 2 1
github.com/helixtrack/localization-service/internal/database/mock_database.go:168.90,169.25 1 0
github.com/helixtrack/localization-service/internal/database/mock_database.go:169.25,171.3 1 0
github.com/helixtrack/localization-service/internal/database/mock_database.go:173.2,176.35 3 0
github.com/helixtrack/localization-service/internal/database/mock_database.go:176.35,177.21 1 0
github.com/helixtrack/localization-service/internal/database/mock_database.go:177.21,179.4 1 0
github.com/helixtrack/localization-service/internal/database/mock_database.go:181.2,181.60 1 0
github.com/helixtrack/localization-service/internal/database/mock_database.go:185.102,186.25 1 1
github.com/helixtrack/localization-service/internal/database/mock_database.go:186.25,188.3 1 0
github.com/helixtrack/localization-service/internal/database/mock_database.go:190.2,194.39 4 1
github.com/helixtrack/localization-service/internal/database/mock_database.go:194.39,196.3 1 1
github.com/helixtrack/localization-service/internal/database/mock_database.go:198.2,199.12 2 1
github.com/helixtrack/localization-service/internal/database/mock_database.go:202.112,203.25 1 1
github.com/helixtrack/localization-service/internal/database/mock_database.go:203.25,205.3 1 0
github.com/helixtrack/localization-service/internal/database/mock_database.go:207.2,211.13 4 1
github.com/helixtrack/localization-service/internal/database/mock_database.go:211.13,213.3 1 1
github.com/helixtrack/localization-service/internal/database/mock_database.go:214.2,214.17 1 1
github.com/helixtrack/localization-service/internal/database/mock_database.go:217.117,218.25 1 1
github.com/helixtrack/localization-service/internal/database/mock_database.go:218.25,220.3 1 0
github.com/helixtrack/localization-service/internal/database/mock_database.go:222.2,225.41 3 1
github.com/helixtrack/localization-service/internal/database/mock_database.go:225.41,226.24 1 1
github.com/helixtrack/localization-service/internal/database/mock_database.go:226.24,228.4 1 1
github.com/helixtrack/localization-service/internal/database/mock_database.go:230.2,230.60 1 1
github.com/helixtrack/localization-service/internal/database/mock_database.go:233.127,234.25 1 0
github.com/helixtrack/localization-service/internal/database/mock_database.go:234.25,236.3 1 0
github.com/helixtrack/localization-service/internal/database/mock_database.go:238.2,242.41 4 0
github.com/helixtrack/localization-service/internal/database/mock_database.go:242.41,243.31 1 0
github.com/helixtrack/localization-service/internal/database/mock_database.go:243.31,245.4 1 0
github.com/helixtrack/localization-service/internal/database/mock_database.go:247.2,247.18 1 0
github.com/helixtrack/localization-service/internal/database/mock_database.go:250.102,251.25 1 1
github.com/helixtrack/localization-service/internal/database/mock_database.go:251.25,253.3 1 0
github.com/helixtrack/localization-service/internal/database/mock_database.go:255.2,259.39 4 1
github.com/helixtrack/localization-service/internal/database/mock_database.go:259.39,261.3 1 1
github.com/helixtrack/localization-service/internal/database/mock_database.go:263.2,263.54 1 1
github.com/helixtrack/localization-service/internal/database/mock_database.go:263.54,265.3 1 1
github.com/helixtrack/localization-service/internal/database/mock_database.go:267.2,268.12 2 1
github.com/helixtrack/localization-service/internal/database/mock_database.go:271.84,272.25 1 1
github.com/helixtrack/localization-service/internal/database/mock_database.go:272.25,274.3 1 0
github.com/helixtrack/localization-service/internal/database/mock_database.go:276.2,279.50 3 1
github.com/helixtrack/localization-service/internal/database/mock_database.go:279.50,281.3 1 1
github.com/helixtrack/localization-service/internal/database/mock_database.go:283.2,284.12 2 1
github.com/helixtrack/localization-service/internal/database/mock_database.go:288.96,289.25 1 1
github.com/helixtrack/localization-service/internal/database/mock_database.go:289.25,291.3 1 0
github.com/helixtrack/localization-service/internal/database/mock_database.go:293.2,297.39 4 1
github.com/helixtrack/localization-service/internal/database/mock_database.go:297.39,299.3 1 1
github.com/helixtrack/localization-service/internal/database/mock_database.go:301.2,302.12 2 1
github.com/helixtrack/localization-service/internal/database/mock_database.go:305.106,306.25 1 1
github.com/helixtrack/localization-service/internal/database/mock_database.go:306.25,308.3 1 0
github.com/helixtrack/localization-service/internal/database/mock_database.go:310.2,314.13 4 1
github.com/helixtrack/localization-service/internal/database/mock_database.go:314.13,316.3 1 0
github.com/helixtrack/localization-service/internal/database/mock_database.go:317.2,317.17 1 1
github.com/helixtrack/localization-service/internal/database/mock_database.go:320.133,321.25 1 1
github.com/helixtrack/localization-service/internal/database/mock_database.go:321.25,323.3 1 0
github.com/helixtrack/localization-service/internal/database/mock_database.go:325.2,330.39 4 1
github.com/helixtrack/localization-service/internal/database/mock_database.go:330.39,331.20 1 1
github.com/helixtrack/localization-service/internal/database/mock_database.go:331.20,333.9 2 1
github.com/helixtrack/localization-service/internal/database/mock_database.go:336.2,336.16 1 1
github.com/helixtrack/localization-service/internal/database/mock_database.go:336.16,338.3 1 1
github.com/helixtrack/localization-service/internal/database/mock_database.go:341.2,341.38 1 1
github.com/helixtrack/localization-service/internal/database/mock_database.go:341.38,342.57 1 1
github.com/helixtrack/localization-service/internal/database/mock_database.go:342.57,344.4 1 1
github.com/helixtrack/localization-service/internal/database/mock_database.go:346.2,346.56 1 1
github.com/helixtrack/localization-service/internal/database/mock_database.go:349.123,350.25 1 0
github.com/helixtrack/localization-service/internal/database/mock_database.go:350.25,352.3 1 0
github.com/helixtrack/localization-service/internal/database/mock_database.go:354.2,358.38 4 0
github.com/helixtrack/localization-service/internal/database/mock_database.go:358.38,359.35 1 0
github.com/helixtrack/localization-service/internal/database/mock_database.go:359.35,361.4 1 0
github.com/helixtrack/localization-service/internal/database/mock_database.go:363.2,363.27 1 0
github.com/helixtrack/localization-service/internal/database/mock_database.go:366.115,367.25 1 0
github.com/helixtrack/localization-service/internal/database/mock_database.go:367.25,369.3 1 0
github.com/helixtrack/localization-service/internal/database/mock_database.go:371.2,375.38 4 0
github.com/helixtrack/localization-service/internal/database/mock_database.go:375.38,376.25 1 0
github.com/helixtrack/localization-service/internal/database/mock_database.go:376.25,378.4 1 0
github.com/helixtrack/localization-service/internal/database/mock_database.go:380.2,380.27 1 0
github.com/helixtrack/localization-service/internal/database/mock_database.go:383.96,384.25 1 1
github.com/helixtrack/localization-service/internal/database/mock_database.go:384.25,386.3 1 0
github.com/helixtrack/localization-service/internal/database/mock_database.go:388.2,392.39 4 1
github.com/helixtrack/localization-service/internal/database/mock_database.go:392.39,394.3 1 1
github.com/helixtrack/localization-service/internal/database/mock_database.go:396.2,396.51 1 1
github.com/helixtrack/localization-service/internal/database/mock_database.go:396.51,398.3 1 1
github.com/helixtrack/localization-service/internal/database/mock_database.go:400.2,401.12 2 1
github.com/helixtrack/localization-service/internal/database/mock_database.go:404.81,405.25 1 1
github.com/helixtrack/localization-service/internal/database/mock_database.go:405.25,407.3 1 0
github.com/helixtrack/localization-service/internal/database/mock_database.go:409.2,412.47 3 1
github.com/helixtrack/localization-service/internal/database/mock_database.go:412.47,414.3 1 1
github.com/helixtrack/localization-service/internal/database/mock_database.go:416.2,417.12 2 1
github.com/helixtrack/localization-service/internal/database/mock_database.go:420.92,421.25 1 1
github.com/helixtrack/localization-service/internal/database/mock_database.go:421.25,423.3 1 0
github.com/helixtrack/localization-service/internal/database/mock_database.go:425.2,429.13 4 1
github.com/helixtrack/localization-service/internal/database/mock_database.go:429.13,431.3 1 1
github.com/helixtrack/localization-service/internal/database/mock_database.go:433.2,435.12 3 1
github.com/helixtrack/localization-service/internal/database/mock_database.go:439.102,440.25 1 1
github.com/helixtrack/localization-service/internal/database/mock_database.go:440.25,442.3 1 0
github.com/helixtrack/localization-service/internal/database/mock_database.go:444.2,448.43 4 1
github.com/helixtrack/localization-service/internal/database/mock_database.go:448.43,450.3 1 1
github.com/helixtrack/localization-service/internal/database/mock_database.go:452.2,453.12 2 1
github.com/helixtrack/localization-service/internal/database/mock_database.go:456.139,457.25 1 1
github.com/helixtrack/localization-service/internal/database/mock_database.go:457.25,459.3 1 0
github.com/helixtrack/localization-service/internal/database/mock_database.go:461.2,462.37 2 1
github.com/helixtrack/localization-service/internal/database/mock_database.go:462.37,463.71 1 1
github.com/helixtrack/localization-service/internal/database/mock_database.go:463.71,467.4 2 1
github.com/helixtrack/localization-service/internal/database/mock_database.go:469.2,472.50 2 1
github.com/helixtrack/localization-service/internal/database/mock_database.go:475.135,477.2 1 0
github.com/helixtrack/localization-service/internal/database/mock_database.go:479.102,480.25 1 1
github.com/helixtrack/localization-service/internal/database/mock_database.go:480.25,482.3 1 0
github.com/helixtrack/localization-service/internal/database/mock_database.go:484.2,488.43 4 1
github.com/helixtrack/localization-service/internal/database/mock_database.go:488.43,490.3 1 0
github.com/helixtrack/localization-service/internal/database/mock_database.go:492.2,492.50 1 1
github.com/helixtrack/localization-service/internal/database/mock_database.go:492.50,494.3 1 1
github.com/helixtrack/localization-service/internal/database/mock_database.go:496.2,497.12 2 1
github.com/helixtrack/localization-service/internal/database/mock_database.go:500.76,501.25 1 1
github.com/helixtrack/localization-service/internal/database/mock_database.go:501.25,503.3 1 0
github.com/helixtrack/localization-service/internal/database/mock_database.go:505.2,508.42 3 1
github.com/helixtrack/localization-service/internal/database/mock_database.go:508.42,510.3 1 1
github.com/helixtrack/localization-service/internal/database/mock_database.go:512.2,513.12 2 1
github.com/helixtrack/localization-service/internal/database/mock_database.go:516.131,517.25 1 1
github.com/helixtrack/localization-service/internal/database/mock_database.go:517.25,519.3 1 0
github.com/helixtrack/localization-service/internal/database/mock_database.go:521.2,525.13 3 1
github.com/helixtrack/localization-service/internal/database/mock_database.go:525.13,528.3 2 1
github.com/helixtrack/localization-service/internal/database/mock_database.go:531.2,532.38 2 1
github.com/helixtrack/localization-service/internal/database/mock_database.go:532.38,533.35 1 1
github.com/helixtrack/localization-service/internal/database/mock_database.go:533.35,535.60 1 1
github.com/helixtrack/localization-service/internal/database/mock_database.go:535.60,536.51 1 1
github.com/helixtrack/localization-service/internal/database/mock_database.go:536.51,538.6 1 1
github.com/helixtrack/localization-service/internal/database/mock_database.go:542.2,546.16 3 1
github.com/helixtrack/localization-service/internal/database/mock_database.go:546.16,548.3 1 0
github.com/helixtrack/localization-service/internal/database/mock_database.go:551.2,560.54 3 1
github.com/helixtrack/localization-service/internal/database/mock_database.go:560.54,562.3 1 0
github.com/helixtrack/localization-service/internal/database/mock_database.go:564.2,564.21 1 1
github.com/helixtrack/localization-service/internal/database/mock_database.go:568.114,570.2 1 0
github.com/helixtrack/localization-service/internal/database/mock_database.go:572.134,574.2 1 0
github.com/helixtrack/localization-service/internal/database/mock_database.go:576.116,578.2 1 0
github.com/helixtrack/localization-service/internal/database/mock_database.go:580.88,582.2 1 0
github.com/helixtrack/localization-service/internal/database/mock_database.go:585.39,586.25 1 0
github.com/helixtrack/localization-service/internal/database/mock_database.go:586.25,588.3 1 0
github.com/helixtrack/localization-service/internal/database/mock_database.go:589.2,589.12 1 0
github.com/helixtrack/localization-service/internal/database/version_operations.go:13.106,37.16 4 0
github.com/helixtrack/localization-service/internal/database/version_operations.go:37.16,39.3 1 0
github.com/helixtrack/localization-service/internal/database/version_operations.go:41.2,46.12 2 0
github.com/helixtrack/localization-service/internal/database/version_operations.go:50.127,73.26 4 0
github.com/helixtrack/localization-service/internal/database/version_operations.go:73.26,75.3 1 0
github.com/helixtrack/localization-service/internal/database/version_operations.go:77.2,77.16 1 0
github.com/helixtrack/localization-service/internal/database/version_operations.go:77.16,79.3 1 0
github.com/helixtrack/localization-service/internal/database/version_operations.go:81.2,81.22 1 0
github.com/helixtrack/localization-service/internal/database/version_operations.go:85.112,108.26 4 0
github.com/helixtrack/localization-service/internal/database/version_operations.go:108.26,110.3 1 0
github.com/helixtrack/localization-service/internal/database/version_operations.go:112.2,112.16 1 0
github.com/helixtrack/localization-service/internal/database/version_operations.go:112.16,114.3 1 0
github.com/helixtrack/localization-service/internal/database/version_operations.go:116.2,116.22 1 0
github.com/helixtrack/localization-service/internal/database/version_operations.go:120.104,144.26 4 0
github.com/helixtrack/localization-service/internal/database/version_operations.go:144.26,146.3 1 0
github.com/helixtrack/localization-service/internal/database/version_operations.go:148.2,148.16 1 0
github.com/helixtrack/localization-service/internal/database/version_operations.go:148.16,150.3 1 0
github.com/helixtrack/localization-service/internal/database/version_operations.go:152.2,152.22 1 0
github.com/helixtrack/localization-service/internal/database/version_operations.go:156.120,157.16 1 0
github.com/helixtrack/localization-service/internal/database/version_operations.go:157.16,159.3 1 0
github.com/helixtrack/localization-service/internal/database/version_operations.go:161.2,161.16 1 0
github.com/helixtrack/localization-service/internal/database/version_operations.go:161.16,163.3 1 0
github.com/helixtrack/localization-service/internal/database/version_operations.go:165.2,175.16 3 0
github.com/helixtrack/localization-service/internal/database/version_operations.go:175.16,177.3 1 0
github.com/helixtrack/localization-service/internal/database/version_operations.go:178.2,182.18 3 0
github.com/helixtrack/localization-service/internal/database/version_operations.go:182.18,197.17 3 0
github.com/helixtrack/localization-service/internal/database/version_operations.go:197.17,199.4 1 0
github.com/helixtrack/localization-service/internal/database/version_operations.go:201.3,201.40 1 0
github.com/helixtrack/localization-service/internal/database/version_operations.go:204.2,204.35 1 0
github.com/helixtrack/localization-service/internal/database/version_operations.go:204.35,206.3 1 0
github.com/helixtrack/localization-service/internal/database/version_operations.go:208.2,208.22 1 0
github.com/helixtrack/localization-service/internal/database/version_operations.go:212.76,217.16 4 0
github.com/helixtrack/localization-service/internal/database/version_operations.go:217.16,219.3 1 0
github.com/helixtrack/localization-service/internal/database/version_operations.go:221.2,221.19 1 0
github.com/helixtrack/localization-service/internal/database/version_operations.go:225.80,229.16 3 0
github.com/helixtrack/localization-service/internal/database/version_operations.go:229.16,231.3 1 0
github.com/helixtrack/localization-service/internal/database/version_operations.go:233.2,234.16 2 0
github.com/helixtrack/localization-service/internal/database/version_operations.go:234.16,236.3 1 0
github.com/helixtrack/localization-service/internal/database/version_operations.go:238.2,238.23 1 0
github.com/helixtrack/localization-service/internal/database/version_operations.go:238.23,240.3 1 0
github.com/helixtrack/localization-service/internal/database/version_operations.go:242.2,244.12 2 0
github.com/helixtrack/localization-service/internal/database/version_operations.go:248.142,251.16 2 0
github.com/helixtrack/localization-service/internal/database/version_operations.go:251.16,253.3 1 0
github.com/helixtrack/localization-service/internal/database/version_operations.go:256.2,257.16 2 0
github.com/helixtrack/localization-service/internal/database/version_operations.go:257.16,259.3 1 0
github.com/helixtrack/localization-service/internal/database/version_operations.go:262.2,283.26 4 0
github.com/helixtrack/localization-service/internal/database/version_operations.go:283.26,285.3 1 0
github.com/helixtrack/localization-service/internal/database/version_operations.go:287.2,287.16 1 0
github.com/helixtrack/localization-service/internal/database/version_operations.go:287.16,289.3 1 0
github.com/helixtrack/localization-service/internal/database/version_operations.go:291.2,291.22 1 0
