mode: set
github.com/helixtrack/localization-service/internal/handlers/admin_handlers.go:17.50,19.47 2 1
github.com/helixtrack/localization-service/internal/handlers/admin_handlers.go:19.47,25.3 2 1
github.com/helixtrack/localization-service/internal/handlers/admin_handlers.go:27.2,39.55 4 1
github.com/helixtrack/localization-service/internal/handlers/admin_handlers.go:39.55,46.3 3 0
github.com/helixtrack/localization-service/internal/handlers/admin_handlers.go:49.2,53.24 3 1
github.com/helixtrack/localization-service/internal/handlers/admin_handlers.go:53.24,68.3 1 0
github.com/helixtrack/localization-service/internal/handlers/admin_handlers.go:70.2,70.58 1 1
github.com/helixtrack/localization-service/internal/handlers/admin_handlers.go:74.50,78.47 3 1
github.com/helixtrack/localization-service/internal/handlers/admin_handlers.go:78.47,84.3 2 0
github.com/helixtrack/localization-service/internal/handlers/admin_handlers.go:86.2,91.16 4 1
github.com/helixtrack/localization-service/internal/handlers/admin_handlers.go:91.16,97.3 2 0
github.com/helixtrack/localization-service/internal/handlers/admin_handlers.go:100.2,107.59 7 1
github.com/helixtrack/localization-service/internal/handlers/admin_handlers.go:107.59,114.3 3 0
github.com/helixtrack/localization-service/internal/handlers/admin_handlers.go:117.2,121.24 3 1
github.com/helixtrack/localization-service/internal/handlers/admin_handlers.go:121.24,136.3 1 0
github.com/helixtrack/localization-service/internal/handlers/admin_handlers.go:138.2,138.57 1 1
github.com/helixtrack/localization-service/internal/handlers/admin_handlers.go:142.50,150.16 5 1
github.com/helixtrack/localization-service/internal/handlers/admin_handlers.go:150.16,156.3 2 1
github.com/helixtrack/localization-service/internal/handlers/admin_handlers.go:158.2,158.53 1 1
github.com/helixtrack/localization-service/internal/handlers/admin_handlers.go:158.53,165.3 3 0
github.com/helixtrack/localization-service/internal/handlers/admin_handlers.go:168.2,172.24 3 1
github.com/helixtrack/localization-service/internal/handlers/admin_handlers.go:172.24,187.3 1 0
github.com/helixtrack/localization-service/internal/handlers/admin_handlers.go:189.2,191.5 1 1
github.com/helixtrack/localization-service/internal/handlers/admin_handlers.go:195.54,197.47 2 1
github.com/helixtrack/localization-service/internal/handlers/admin_handlers.go:197.47,203.3 2 1
github.com/helixtrack/localization-service/internal/handlers/admin_handlers.go:205.2,210.16 4 1
github.com/helixtrack/localization-service/internal/handlers/admin_handlers.go:210.16,218.65 2 1
github.com/helixtrack/localization-service/internal/handlers/admin_handlers.go:218.65,225.4 3 1
github.com/helixtrack/localization-service/internal/handlers/admin_handlers.go:229.2,230.16 2 1
github.com/helixtrack/localization-service/internal/handlers/admin_handlers.go:230.16,236.3 2 0
github.com/helixtrack/localization-service/internal/handlers/admin_handlers.go:239.2,240.28 2 1
github.com/helixtrack/localization-service/internal/handlers/admin_handlers.go:240.28,242.3 1 0
github.com/helixtrack/localization-service/internal/handlers/admin_handlers.go:243.2,243.26 1 1
github.com/helixtrack/localization-service/internal/handlers/admin_handlers.go:243.26,245.3 1 0
github.com/helixtrack/localization-service/internal/handlers/admin_handlers.go:248.2,249.16 2 1
github.com/helixtrack/localization-service/internal/handlers/admin_handlers.go:249.16,256.64 5 0
github.com/helixtrack/localization-service/internal/handlers/admin_handlers.go:256.64,263.4 3 0
github.com/helixtrack/localization-service/internal/handlers/admin_handlers.go:266.3,273.25 4 0
github.com/helixtrack/localization-service/internal/handlers/admin_handlers.go:273.25,289.4 1 0
github.com/helixtrack/localization-service/internal/handlers/admin_handlers.go:291.3,292.9 2 0
github.com/helixtrack/localization-service/internal/handlers/admin_handlers.go:296.2,305.58 2 1
github.com/helixtrack/localization-service/internal/handlers/admin_handlers.go:305.58,312.3 3 0
github.com/helixtrack/localization-service/internal/handlers/admin_handlers.go:315.2,322.24 4 1
github.com/helixtrack/localization-service/internal/handlers/admin_handlers.go:322.24,338.3 1 0
github.com/helixtrack/localization-service/internal/handlers/admin_handlers.go:340.2,340.57 1 1
github.com/helixtrack/localization-service/internal/handlers/admin_handlers.go:344.54,348.47 3 1
github.com/helixtrack/localization-service/internal/handlers/admin_handlers.go:348.47,354.3 2 0
github.com/helixtrack/localization-service/internal/handlers/admin_handlers.go:356.2,361.16 4 1
github.com/helixtrack/localization-service/internal/handlers/admin_handlers.go:361.16,367.3 2 1
github.com/helixtrack/localization-service/internal/handlers/admin_handlers.go:370.2,373.28 3 1
github.com/helixtrack/localization-service/internal/handlers/admin_handlers.go:373.28,376.3 2 0
github.com/helixtrack/localization-service/internal/handlers/admin_handlers.go:377.2,377.26 1 1
github.com/helixtrack/localization-service/internal/handlers/admin_handlers.go:377.26,380.3 2 0
github.com/helixtrack/localization-service/internal/handlers/admin_handlers.go:382.2,382.63 1 1
github.com/helixtrack/localization-service/internal/handlers/admin_handlers.go:382.63,389.3 3 0
github.com/helixtrack/localization-service/internal/handlers/admin_handlers.go:392.2,393.17 2 1
github.com/helixtrack/localization-service/internal/handlers/admin_handlers.go:393.17,395.3 1 1
github.com/helixtrack/localization-service/internal/handlers/admin_handlers.go:398.2,407.19 6 1
github.com/helixtrack/localization-service/internal/handlers/admin_handlers.go:407.19,409.3 1 1
github.com/helixtrack/localization-service/internal/handlers/admin_handlers.go:410.2,410.17 1 1
github.com/helixtrack/localization-service/internal/handlers/admin_handlers.go:410.17,412.3 1 1
github.com/helixtrack/localization-service/internal/handlers/admin_handlers.go:414.2,414.24 1 1
github.com/helixtrack/localization-service/internal/handlers/admin_handlers.go:414.24,430.3 1 0
github.com/helixtrack/localization-service/internal/handlers/admin_handlers.go:432.2,432.57 1 1
github.com/helixtrack/localization-service/internal/handlers/admin_handlers.go:436.54,444.16 5 1
github.com/helixtrack/localization-service/internal/handlers/admin_handlers.go:444.16,450.3 2 1
github.com/helixtrack/localization-service/internal/handlers/admin_handlers.go:453.2,457.17 3 1
github.com/helixtrack/localization-service/internal/handlers/admin_handlers.go:457.17,459.3 1 1
github.com/helixtrack/localization-service/internal/handlers/admin_handlers.go:461.2,461.57 1 1
github.com/helixtrack/localization-service/internal/handlers/admin_handlers.go:461.57,468.3 3 0
github.com/helixtrack/localization-service/internal/handlers/admin_handlers.go:471.2,477.19 5 1
github.com/helixtrack/localization-service/internal/handlers/admin_handlers.go:477.19,479.3 1 1
github.com/helixtrack/localization-service/internal/handlers/admin_handlers.go:480.2,480.17 1 1
github.com/helixtrack/localization-service/internal/handlers/admin_handlers.go:480.17,482.3 1 1
github.com/helixtrack/localization-service/internal/handlers/admin_handlers.go:484.2,484.24 1 1
github.com/helixtrack/localization-service/internal/handlers/admin_handlers.go:484.24,500.3 1 0
github.com/helixtrack/localization-service/internal/handlers/admin_handlers.go:502.2,504.5 1 1
github.com/helixtrack/localization-service/internal/handlers/admin_handlers.go:508.55,516.16 5 1
github.com/helixtrack/localization-service/internal/handlers/admin_handlers.go:516.16,522.3 2 0
github.com/helixtrack/localization-service/internal/handlers/admin_handlers.go:524.2,525.75 2 1
github.com/helixtrack/localization-service/internal/handlers/admin_handlers.go:525.75,532.3 3 0
github.com/helixtrack/localization-service/internal/handlers/admin_handlers.go:535.2,544.19 6 1
github.com/helixtrack/localization-service/internal/handlers/admin_handlers.go:544.19,546.3 1 0
github.com/helixtrack/localization-service/internal/handlers/admin_handlers.go:547.2,547.17 1 1
github.com/helixtrack/localization-service/internal/handlers/admin_handlers.go:547.17,549.3 1 1
github.com/helixtrack/localization-service/internal/handlers/admin_handlers.go:552.2,552.24 1 1
github.com/helixtrack/localization-service/internal/handlers/admin_handlers.go:552.24,568.3 1 0
github.com/helixtrack/localization-service/internal/handlers/admin_handlers.go:570.2,572.5 1 1
github.com/helixtrack/localization-service/internal/handlers/admin_handlers.go:576.51,578.47 2 1
github.com/helixtrack/localization-service/internal/handlers/admin_handlers.go:578.47,581.3 1 1
github.com/helixtrack/localization-service/internal/handlers/admin_handlers.go:583.2,586.24 3 1
github.com/helixtrack/localization-service/internal/handlers/admin_handlers.go:586.24,588.3 1 1
github.com/helixtrack/localization-service/internal/handlers/admin_handlers.go:588.8,591.3 1 1
github.com/helixtrack/localization-service/internal/handlers/admin_handlers.go:594.2,600.24 3 1
github.com/helixtrack/localization-service/internal/handlers/admin_handlers.go:600.24,611.3 1 0
github.com/helixtrack/localization-service/internal/handlers/admin_handlers.go:613.2,615.5 1 1
github.com/helixtrack/localization-service/internal/handlers/admin_handlers.go:619.44,624.16 4 1
github.com/helixtrack/localization-service/internal/handlers/admin_handlers.go:624.16,631.3 3 0
github.com/helixtrack/localization-service/internal/handlers/admin_handlers.go:633.2,633.54 1 1
github.com/helixtrack/localization-service/internal/handlers/admin_handlers.go:637.88,641.2 3 1
github.com/helixtrack/localization-service/internal/handlers/handlers.go:27.125,34.2 1 1
github.com/helixtrack/localization-service/internal/handlers/handlers.go:37.93,43.2 3 1
github.com/helixtrack/localization-service/internal/handlers/handlers.go:43.2,66.3 12 1
github.com/helixtrack/localization-service/internal/handlers/handlers.go:66.3,92.4 14 1
github.com/helixtrack/localization-service/internal/handlers/handlers.go:97.47,105.36 5 1
github.com/helixtrack/localization-service/internal/handlers/handlers.go:105.36,116.3 3 0
github.com/helixtrack/localization-service/internal/handlers/handlers.go:118.2,124.63 2 1
github.com/helixtrack/localization-service/internal/handlers/handlers.go:124.63,129.3 1 0
github.com/helixtrack/localization-service/internal/handlers/handlers.go:129.8,133.3 1 1
github.com/helixtrack/localization-service/internal/handlers/handlers.go:135.2,139.4 1 1
github.com/helixtrack/localization-service/internal/handlers/handlers.go:143.46,154.59 6 1
github.com/helixtrack/localization-service/internal/handlers/handlers.go:154.59,156.67 2 1
github.com/helixtrack/localization-service/internal/handlers/handlers.go:156.67,160.4 3 1
github.com/helixtrack/localization-service/internal/handlers/handlers.go:164.2,165.16 2 1
github.com/helixtrack/localization-service/internal/handlers/handlers.go:165.16,172.3 3 1
github.com/helixtrack/localization-service/internal/handlers/handlers.go:175.2,176.16 2 1
github.com/helixtrack/localization-service/internal/handlers/handlers.go:176.16,183.3 3 0
github.com/helixtrack/localization-service/internal/handlers/handlers.go:186.2,187.16 2 1
github.com/helixtrack/localization-service/internal/handlers/handlers.go:187.16,194.3 3 0
github.com/helixtrack/localization-service/internal/handlers/handlers.go:196.2,204.61 2 1
github.com/helixtrack/localization-service/internal/handlers/handlers.go:204.61,206.3 1 1
github.com/helixtrack/localization-service/internal/handlers/handlers.go:208.2,208.57 1 1
github.com/helixtrack/localization-service/internal/handlers/handlers.go:212.51,217.24 4 1
github.com/helixtrack/localization-service/internal/handlers/handlers.go:217.24,223.3 2 1
github.com/helixtrack/localization-service/internal/handlers/handlers.go:225.2,230.16 4 1
github.com/helixtrack/localization-service/internal/handlers/handlers.go:230.16,231.15 1 1
github.com/helixtrack/localization-service/internal/handlers/handlers.go:231.15,234.18 2 0
github.com/helixtrack/localization-service/internal/handlers/handlers.go:234.18,240.5 2 0
github.com/helixtrack/localization-service/internal/handlers/handlers.go:241.4,241.22 1 0
github.com/helixtrack/localization-service/internal/handlers/handlers.go:242.9,248.4 2 1
github.com/helixtrack/localization-service/internal/handlers/handlers.go:252.2,253.16 2 1
github.com/helixtrack/localization-service/internal/handlers/handlers.go:253.16,259.3 2 1
github.com/helixtrack/localization-service/internal/handlers/handlers.go:262.2,263.16 2 1
github.com/helixtrack/localization-service/internal/handlers/handlers.go:263.16,264.15 1 0
github.com/helixtrack/localization-service/internal/handlers/handlers.go:264.15,267.18 2 0
github.com/helixtrack/localization-service/internal/handlers/handlers.go:267.18,269.5 1 0
github.com/helixtrack/localization-service/internal/handlers/handlers.go:272.3,272.17 1 0
github.com/helixtrack/localization-service/internal/handlers/handlers.go:272.17,278.4 2 0
github.com/helixtrack/localization-service/internal/handlers/handlers.go:282.2,283.26 2 1
github.com/helixtrack/localization-service/internal/handlers/handlers.go:283.26,285.3 1 0
github.com/helixtrack/localization-service/internal/handlers/handlers.go:287.2,295.57 2 1
github.com/helixtrack/localization-service/internal/handlers/handlers.go:299.49,301.47 2 1
github.com/helixtrack/localization-service/internal/handlers/handlers.go:301.47,307.3 2 1
github.com/helixtrack/localization-service/internal/handlers/handlers.go:309.2,314.16 4 1
github.com/helixtrack/localization-service/internal/handlers/handlers.go:314.16,320.3 2 0
github.com/helixtrack/localization-service/internal/handlers/handlers.go:323.2,324.18 2 1
github.com/helixtrack/localization-service/internal/handlers/handlers.go:324.18,326.3 1 1
github.com/helixtrack/localization-service/internal/handlers/handlers.go:329.2,330.31 2 1
github.com/helixtrack/localization-service/internal/handlers/handlers.go:330.31,333.17 2 1
github.com/helixtrack/localization-service/internal/handlers/handlers.go:333.17,334.12 1 0
github.com/helixtrack/localization-service/internal/handlers/handlers.go:338.3,339.55 2 1
github.com/helixtrack/localization-service/internal/handlers/handlers.go:339.55,342.4 1 0
github.com/helixtrack/localization-service/internal/handlers/handlers.go:344.3,344.17 1 1
github.com/helixtrack/localization-service/internal/handlers/handlers.go:344.17,346.4 1 1
github.com/helixtrack/localization-service/internal/handlers/handlers.go:349.2,354.57 2 1
github.com/helixtrack/localization-service/internal/handlers/handlers.go:358.49,365.16 5 1
github.com/helixtrack/localization-service/internal/handlers/handlers.go:365.16,372.3 3 0
github.com/helixtrack/localization-service/internal/handlers/handlers.go:375.2,376.33 2 1
github.com/helixtrack/localization-service/internal/handlers/handlers.go:376.33,378.3 1 1
github.com/helixtrack/localization-service/internal/handlers/handlers.go:380.2,384.57 2 1
github.com/helixtrack/localization-service/internal/handlers/import_export_handlers.go:21.48,27.47 4 1
github.com/helixtrack/localization-service/internal/handlers/import_export_handlers.go:27.47,34.3 3 1
github.com/helixtrack/localization-service/internal/handlers/import_export_handlers.go:37.2,37.39 1 1
github.com/helixtrack/localization-service/internal/handlers/import_export_handlers.go:37.39,44.3 3 1
github.com/helixtrack/localization-service/internal/handlers/import_export_handlers.go:46.2,68.22 5 1
github.com/helixtrack/localization-service/internal/handlers/import_export_handlers.go:68.22,70.3 1 0
github.com/helixtrack/localization-service/internal/handlers/import_export_handlers.go:73.2,81.24 4 1
github.com/helixtrack/localization-service/internal/handlers/import_export_handlers.go:81.24,94.3 1 0
github.com/helixtrack/localization-service/internal/handlers/import_export_handlers.go:96.2,97.23 2 1
github.com/helixtrack/localization-service/internal/handlers/import_export_handlers.go:97.23,99.3 1 1
github.com/helixtrack/localization-service/internal/handlers/import_export_handlers.go:101.2,101.54 1 1
github.com/helixtrack/localization-service/internal/handlers/import_export_handlers.go:105.104,113.46 2 1
github.com/helixtrack/localization-service/internal/handlers/import_export_handlers.go:113.46,115.17 2 1
github.com/helixtrack/localization-service/internal/handlers/import_export_handlers.go:115.17,123.4 3 0
github.com/helixtrack/localization-service/internal/handlers/import_export_handlers.go:123.9,126.48 2 1
github.com/helixtrack/localization-service/internal/handlers/import_export_handlers.go:126.48,128.5 1 0
github.com/helixtrack/localization-service/internal/handlers/import_export_handlers.go:128.10,130.5 1 1
github.com/helixtrack/localization-service/internal/handlers/import_export_handlers.go:135.2,135.40 1 1
github.com/helixtrack/localization-service/internal/handlers/import_export_handlers.go:135.40,137.17 2 1
github.com/helixtrack/localization-service/internal/handlers/import_export_handlers.go:137.17,145.4 3 0
github.com/helixtrack/localization-service/internal/handlers/import_export_handlers.go:145.9,148.48 2 1
github.com/helixtrack/localization-service/internal/handlers/import_export_handlers.go:148.48,150.5 1 1
github.com/helixtrack/localization-service/internal/handlers/import_export_handlers.go:150.10,152.5 1 0
github.com/helixtrack/localization-service/internal/handlers/import_export_handlers.go:157.2,157.65 1 1
github.com/helixtrack/localization-service/internal/handlers/import_export_handlers.go:157.65,158.40 1 1
github.com/helixtrack/localization-service/internal/handlers/import_export_handlers.go:158.40,160.18 2 1
github.com/helixtrack/localization-service/internal/handlers/import_export_handlers.go:160.18,168.5 3 1
github.com/helixtrack/localization-service/internal/handlers/import_export_handlers.go:168.10,170.5 1 0
github.com/helixtrack/localization-service/internal/handlers/import_export_handlers.go:174.2,181.17 2 1
github.com/helixtrack/localization-service/internal/handlers/import_export_handlers.go:185.105,189.21 2 1
github.com/helixtrack/localization-service/internal/handlers/import_export_handlers.go:189.21,190.17 1 0
github.com/helixtrack/localization-service/internal/handlers/import_export_handlers.go:190.17,192.4 1 0
github.com/helixtrack/localization-service/internal/handlers/import_export_handlers.go:195.3,202.44 7 0
github.com/helixtrack/localization-service/internal/handlers/import_export_handlers.go:206.2,219.39 2 1
github.com/helixtrack/localization-service/internal/handlers/import_export_handlers.go:223.119,227.21 2 1
github.com/helixtrack/localization-service/internal/handlers/import_export_handlers.go:227.21,228.17 1 0
github.com/helixtrack/localization-service/internal/handlers/import_export_handlers.go:228.17,230.4 1 0
github.com/helixtrack/localization-service/internal/handlers/import_export_handlers.go:233.3,238.51 5 0
github.com/helixtrack/localization-service/internal/handlers/import_export_handlers.go:242.2,253.45 2 1
github.com/helixtrack/localization-service/internal/handlers/import_export_handlers.go:257.114,260.16 2 1
github.com/helixtrack/localization-service/internal/handlers/import_export_handlers.go:260.16,262.3 1 1
github.com/helixtrack/localization-service/internal/handlers/import_export_handlers.go:265.2,266.16 2 1
github.com/helixtrack/localization-service/internal/handlers/import_export_handlers.go:266.16,268.3 1 1
github.com/helixtrack/localization-service/internal/handlers/import_export_handlers.go:271.2,273.21 2 0
github.com/helixtrack/localization-service/internal/handlers/import_export_handlers.go:273.21,274.17 1 0
github.com/helixtrack/localization-service/internal/handlers/import_export_handlers.go:274.17,276.4 1 0
github.com/helixtrack/localization-service/internal/handlers/import_export_handlers.go:279.3,283.48 4 0
github.com/helixtrack/localization-service/internal/handlers/import_export_handlers.go:287.2,299.51 2 0
github.com/helixtrack/localization-service/internal/handlers/import_export_handlers.go:304.48,324.39 8 1
github.com/helixtrack/localization-service/internal/handlers/import_export_handlers.go:324.39,331.3 3 0
github.com/helixtrack/localization-service/internal/handlers/import_export_handlers.go:333.2,341.16 3 1
github.com/helixtrack/localization-service/internal/handlers/import_export_handlers.go:341.16,348.3 3 0
github.com/helixtrack/localization-service/internal/handlers/import_export_handlers.go:351.2,351.16 1 1
github.com/helixtrack/localization-service/internal/handlers/import_export_handlers.go:352.14,353.58 1 1
github.com/helixtrack/localization-service/internal/handlers/import_export_handlers.go:354.13,358.50 3 1
github.com/helixtrack/localization-service/internal/handlers/import_export_handlers.go:359.15,363.50 3 1
github.com/helixtrack/localization-service/internal/handlers/import_export_handlers.go:368.113,371.16 2 1
github.com/helixtrack/localization-service/internal/handlers/import_export_handlers.go:371.16,373.3 1 0
github.com/helixtrack/localization-service/internal/handlers/import_export_handlers.go:375.2,376.28 2 1
github.com/helixtrack/localization-service/internal/handlers/import_export_handlers.go:376.28,378.38 2 1
github.com/helixtrack/localization-service/internal/handlers/import_export_handlers.go:378.38,380.18 2 1
github.com/helixtrack/localization-service/internal/handlers/import_export_handlers.go:380.18,381.13 1 1
github.com/helixtrack/localization-service/internal/handlers/import_export_handlers.go:383.4,383.39 1 1
github.com/helixtrack/localization-service/internal/handlers/import_export_handlers.go:388.2,389.29 2 1
github.com/helixtrack/localization-service/internal/handlers/import_export_handlers.go:389.29,390.43 1 0
github.com/helixtrack/localization-service/internal/handlers/import_export_handlers.go:390.43,392.18 2 0
github.com/helixtrack/localization-service/internal/handlers/import_export_handlers.go:392.18,393.13 1 0
github.com/helixtrack/localization-service/internal/handlers/import_export_handlers.go:395.4,395.40 1 0
github.com/helixtrack/localization-service/internal/handlers/import_export_handlers.go:397.8,401.3 1 1
github.com/helixtrack/localization-service/internal/handlers/import_export_handlers.go:404.2,411.33 2 1
github.com/helixtrack/localization-service/internal/handlers/import_export_handlers.go:411.33,420.3 1 1
github.com/helixtrack/localization-service/internal/handlers/import_export_handlers.go:423.2,426.33 3 1
github.com/helixtrack/localization-service/internal/handlers/import_export_handlers.go:426.33,428.17 2 1
github.com/helixtrack/localization-service/internal/handlers/import_export_handlers.go:428.17,429.12 1 0
github.com/helixtrack/localization-service/internal/handlers/import_export_handlers.go:432.3,434.37 2 1
github.com/helixtrack/localization-service/internal/handlers/import_export_handlers.go:434.37,435.41 1 0
github.com/helixtrack/localization-service/internal/handlers/import_export_handlers.go:435.41,436.13 1 0
github.com/helixtrack/localization-service/internal/handlers/import_export_handlers.go:440.4,441.18 2 0
github.com/helixtrack/localization-service/internal/handlers/import_export_handlers.go:441.18,442.13 1 0
github.com/helixtrack/localization-service/internal/handlers/import_export_handlers.go:446.4,450.46 3 0
github.com/helixtrack/localization-service/internal/handlers/import_export_handlers.go:450.46,460.5 2 0
github.com/helixtrack/localization-service/internal/handlers/import_export_handlers.go:465.2,479.20 2 1
github.com/helixtrack/localization-service/internal/handlers/import_export_handlers.go:480.14,481.29 1 1
github.com/helixtrack/localization-service/internal/handlers/import_export_handlers.go:482.13,484.17 2 1
github.com/helixtrack/localization-service/internal/handlers/import_export_handlers.go:484.17,486.4 1 0
github.com/helixtrack/localization-service/internal/handlers/import_export_handlers.go:487.3,487.26 1 1
github.com/helixtrack/localization-service/internal/handlers/import_export_handlers.go:488.15,490.17 2 1
github.com/helixtrack/localization-service/internal/handlers/import_export_handlers.go:490.17,492.4 1 0
github.com/helixtrack/localization-service/internal/handlers/import_export_handlers.go:493.3,493.28 1 1
github.com/helixtrack/localization-service/internal/handlers/import_export_handlers.go:496.2,496.22 1 1
github.com/helixtrack/localization-service/internal/handlers/import_export_handlers.go:500.71,506.38 4 1
github.com/helixtrack/localization-service/internal/handlers/import_export_handlers.go:506.38,508.3 1 1
github.com/helixtrack/localization-service/internal/handlers/import_export_handlers.go:509.2,512.32 2 1
github.com/helixtrack/localization-service/internal/handlers/import_export_handlers.go:512.32,515.39 2 0
github.com/helixtrack/localization-service/internal/handlers/import_export_handlers.go:515.39,517.69 2 0
github.com/helixtrack/localization-service/internal/handlers/import_export_handlers.go:517.69,518.43 1 0
github.com/helixtrack/localization-service/internal/handlers/import_export_handlers.go:518.43,520.6 1 0
github.com/helixtrack/localization-service/internal/handlers/import_export_handlers.go:522.4,522.28 1 0
github.com/helixtrack/localization-service/internal/handlers/import_export_handlers.go:525.3,525.20 1 0
github.com/helixtrack/localization-service/internal/handlers/import_export_handlers.go:528.2,529.41 2 1
github.com/helixtrack/localization-service/internal/handlers/import_export_handlers.go:533.73,539.38 4 1
github.com/helixtrack/localization-service/internal/handlers/import_export_handlers.go:539.38,540.46 1 1
github.com/helixtrack/localization-service/internal/handlers/import_export_handlers.go:540.46,541.12 1 1
github.com/helixtrack/localization-service/internal/handlers/import_export_handlers.go:544.3,547.57 3 0
github.com/helixtrack/localization-service/internal/handlers/import_export_handlers.go:547.57,552.4 4 0
github.com/helixtrack/localization-service/internal/handlers/import_export_handlers.go:554.3,555.42 2 0
github.com/helixtrack/localization-service/internal/handlers/import_export_handlers.go:558.2,559.30 2 1
github.com/helixtrack/localization-service/internal/handlers/import_export_handlers.go:564.60,570.47 4 1
github.com/helixtrack/localization-service/internal/handlers/import_export_handlers.go:570.47,577.3 3 1
github.com/helixtrack/localization-service/internal/handlers/import_export_handlers.go:580.2,580.39 1 1
github.com/helixtrack/localization-service/internal/handlers/import_export_handlers.go:580.39,587.3 3 1
github.com/helixtrack/localization-service/internal/handlers/import_export_handlers.go:589.2,606.22 5 1
github.com/helixtrack/localization-service/internal/handlers/import_export_handlers.go:606.22,608.3 1 1
github.com/helixtrack/localization-service/internal/handlers/import_export_handlers.go:610.2,610.33 1 1
github.com/helixtrack/localization-service/internal/handlers/import_export_handlers.go:614.134,623.41 2 1
github.com/helixtrack/localization-service/internal/handlers/import_export_handlers.go:623.41,626.24 2 1
github.com/helixtrack/localization-service/internal/handlers/import_export_handlers.go:627.27,628.103 1 1
github.com/helixtrack/localization-service/internal/handlers/import_export_handlers.go:629.18,630.65 1 1
github.com/helixtrack/localization-service/internal/handlers/import_export_handlers.go:631.17,632.64 1 1
github.com/helixtrack/localization-service/internal/handlers/import_export_handlers.go:635.3,635.17 1 1
github.com/helixtrack/localization-service/internal/handlers/import_export_handlers.go:635.17,643.4 3 1
github.com/helixtrack/localization-service/internal/handlers/import_export_handlers.go:643.9,645.4 1 1
github.com/helixtrack/localization-service/internal/handlers/import_export_handlers.go:648.2,648.17 1 1
github.com/helixtrack/localization-service/internal/handlers/import_export_handlers.go:652.92,655.16 2 1
github.com/helixtrack/localization-service/internal/handlers/import_export_handlers.go:655.16,657.3 1 0
github.com/helixtrack/localization-service/internal/handlers/import_export_handlers.go:660.2,661.16 2 1
github.com/helixtrack/localization-service/internal/handlers/import_export_handlers.go:661.16,663.3 1 0
github.com/helixtrack/localization-service/internal/handlers/import_export_handlers.go:666.2,667.16 2 1
github.com/helixtrack/localization-service/internal/handlers/import_export_handlers.go:667.16,669.3 1 0
github.com/helixtrack/localization-service/internal/handlers/import_export_handlers.go:672.2,672.55 1 1
github.com/helixtrack/localization-service/internal/handlers/import_export_handlers.go:676.91,679.16 2 1
github.com/helixtrack/localization-service/internal/handlers/import_export_handlers.go:679.16,681.3 1 0
github.com/helixtrack/localization-service/internal/handlers/import_export_handlers.go:684.2,685.16 2 1
github.com/helixtrack/localization-service/internal/handlers/import_export_handlers.go:685.16,687.3 1 0
github.com/helixtrack/localization-service/internal/handlers/import_export_handlers.go:690.2,691.16 2 1
github.com/helixtrack/localization-service/internal/handlers/import_export_handlers.go:691.16,693.3 1 0
github.com/helixtrack/localization-service/internal/handlers/import_export_handlers.go:696.2,696.45 1 1
github.com/helixtrack/localization-service/internal/handlers/version_handlers.go:21.53,25.16 3 1
github.com/helixtrack/localization-service/internal/handlers/version_handlers.go:25.16,32.3 3 0
github.com/helixtrack/localization-service/internal/handlers/version_handlers.go:35.2,42.60 2 1
github.com/helixtrack/localization-service/internal/handlers/version_handlers.go:47.53,54.17 4 1
github.com/helixtrack/localization-service/internal/handlers/version_handlers.go:54.17,56.3 1 0
github.com/helixtrack/localization-service/internal/handlers/version_handlers.go:59.2,60.16 2 1
github.com/helixtrack/localization-service/internal/handlers/version_handlers.go:60.16,67.3 3 0
github.com/helixtrack/localization-service/internal/handlers/version_handlers.go:70.2,71.16 2 1
github.com/helixtrack/localization-service/internal/handlers/version_handlers.go:71.16,74.3 2 0
github.com/helixtrack/localization-service/internal/handlers/version_handlers.go:77.2,78.23 2 1
github.com/helixtrack/localization-service/internal/handlers/version_handlers.go:78.23,80.3 1 1
github.com/helixtrack/localization-service/internal/handlers/version_handlers.go:82.2,89.29 2 1
github.com/helixtrack/localization-service/internal/handlers/version_handlers.go:89.29,91.3 1 1
github.com/helixtrack/localization-service/internal/handlers/version_handlers.go:93.2,93.57 1 1
github.com/helixtrack/localization-service/internal/handlers/version_handlers.go:98.54,103.16 4 1
github.com/helixtrack/localization-service/internal/handlers/version_handlers.go:103.16,110.3 3 0
github.com/helixtrack/localization-service/internal/handlers/version_handlers.go:112.2,112.56 1 1
github.com/helixtrack/localization-service/internal/handlers/version_handlers.go:117.55,124.75 5 1
github.com/helixtrack/localization-service/internal/handlers/version_handlers.go:124.75,131.69 3 0
github.com/helixtrack/localization-service/internal/handlers/version_handlers.go:131.69,134.67 2 0
github.com/helixtrack/localization-service/internal/handlers/version_handlers.go:134.67,135.57 1 0
github.com/helixtrack/localization-service/internal/handlers/version_handlers.go:135.57,137.6 1 0
github.com/helixtrack/localization-service/internal/handlers/version_handlers.go:140.4,146.10 3 0
github.com/helixtrack/localization-service/internal/handlers/version_handlers.go:151.2,152.16 2 1
github.com/helixtrack/localization-service/internal/handlers/version_handlers.go:152.16,163.3 3 0
github.com/helixtrack/localization-service/internal/handlers/version_handlers.go:166.2,167.16 2 1
github.com/helixtrack/localization-service/internal/handlers/version_handlers.go:167.16,174.3 3 0
github.com/helixtrack/localization-service/internal/handlers/version_handlers.go:177.2,177.62 1 1
github.com/helixtrack/localization-service/internal/handlers/version_handlers.go:177.62,179.3 1 1
github.com/helixtrack/localization-service/internal/handlers/version_handlers.go:182.2,183.65 2 1
github.com/helixtrack/localization-service/internal/handlers/version_handlers.go:183.65,184.55 1 1
github.com/helixtrack/localization-service/internal/handlers/version_handlers.go:184.55,186.4 1 1
github.com/helixtrack/localization-service/internal/handlers/version_handlers.go:189.2,195.57 2 1
github.com/helixtrack/localization-service/internal/handlers/version_handlers.go:200.49,205.47 3 1
github.com/helixtrack/localization-service/internal/handlers/version_handlers.go:205.47,212.3 3 1
github.com/helixtrack/localization-service/internal/handlers/version_handlers.go:215.2,215.39 1 1
github.com/helixtrack/localization-service/internal/handlers/version_handlers.go:215.39,222.3 3 0
github.com/helixtrack/localization-service/internal/handlers/version_handlers.go:225.2,228.16 3 1
github.com/helixtrack/localization-service/internal/handlers/version_handlers.go:228.16,231.3 1 0
github.com/helixtrack/localization-service/internal/handlers/version_handlers.go:231.8,234.17 2 1
github.com/helixtrack/localization-service/internal/handlers/version_handlers.go:234.17,241.4 3 0
github.com/helixtrack/localization-service/internal/handlers/version_handlers.go:245.2,251.13 5 1
github.com/helixtrack/localization-service/internal/handlers/version_handlers.go:251.13,253.3 1 1
github.com/helixtrack/localization-service/internal/handlers/version_handlers.go:256.2,269.25 2 1
github.com/helixtrack/localization-service/internal/handlers/version_handlers.go:269.25,270.62 1 1
github.com/helixtrack/localization-service/internal/handlers/version_handlers.go:270.62,272.4 1 0
github.com/helixtrack/localization-service/internal/handlers/version_handlers.go:276.2,276.57 1 1
github.com/helixtrack/localization-service/internal/handlers/version_handlers.go:276.57,283.3 3 1
github.com/helixtrack/localization-service/internal/handlers/version_handlers.go:285.2,298.24 4 1
github.com/helixtrack/localization-service/internal/handlers/version_handlers.go:298.24,313.3 1 0
github.com/helixtrack/localization-service/internal/handlers/version_handlers.go:315.2,315.61 1 1
github.com/helixtrack/localization-service/internal/handlers/version_handlers.go:320.49,326.16 4 1
github.com/helixtrack/localization-service/internal/handlers/version_handlers.go:326.16,333.3 3 0
github.com/helixtrack/localization-service/internal/handlers/version_handlers.go:336.2,337.51 2 1
github.com/helixtrack/localization-service/internal/handlers/version_handlers.go:337.51,343.3 2 0
github.com/helixtrack/localization-service/internal/handlers/version_handlers.go:346.2,346.60 1 1
github.com/helixtrack/localization-service/internal/handlers/version_handlers.go:346.60,353.3 3 1
github.com/helixtrack/localization-service/internal/handlers/version_handlers.go:355.2,364.24 4 1
github.com/helixtrack/localization-service/internal/handlers/version_handlers.go:364.24,379.3 1 0
github.com/helixtrack/localization-service/internal/handlers/version_handlers.go:381.2,384.5 1 1
